Archive member included to satisfy reference by file (symbol)

/usr/local/devkitPro/libctru/lib/libsfil.a(sfil_png.o)
                              main.o (sfil_load_PNG_buffer)
/usr/local/devkitPro/portlibs/armv6k/lib/libpng.a(png.o)
                              /usr/local/devkitPro/libctru/lib/libsfil.a(sfil_png.o) (png_set_sig_bytes)
/usr/local/devkitPro/portlibs/armv6k/lib/libpng.a(pngerror.o)
                              /usr/local/devkitPro/portlibs/armv6k/lib/libpng.a(png.o) (png_safecat)
/usr/local/devkitPro/portlibs/armv6k/lib/libpng.a(pngget.o)
                              /usr/local/devkitPro/libctru/lib/libsfil.a(sfil_png.o) (png_get_valid)
/usr/local/devkitPro/portlibs/armv6k/lib/libpng.a(pngmem.o)
                              /usr/local/devkitPro/portlibs/armv6k/lib/libpng.a(png.o) (png_calloc)
/usr/local/devkitPro/portlibs/armv6k/lib/libpng.a(pngread.o)
                              /usr/local/devkitPro/libctru/lib/libsfil.a(sfil_png.o) (png_create_read_struct)
/usr/local/devkitPro/portlibs/armv6k/lib/libpng.a(pngrio.o)
                              /usr/local/devkitPro/libctru/lib/libsfil.a(sfil_png.o) (png_set_read_fn)
/usr/local/devkitPro/portlibs/armv6k/lib/libpng.a(pngrtran.o)
                              /usr/local/devkitPro/portlibs/armv6k/lib/libpng.a(pngread.o) (png_set_background_fixed)
/usr/local/devkitPro/portlibs/armv6k/lib/libpng.a(pngrutil.o)
                              /usr/local/devkitPro/portlibs/armv6k/lib/libpng.a(pngread.o) (png_read_sig)
/usr/local/devkitPro/portlibs/armv6k/lib/libpng.a(pngset.o)
                              /usr/local/devkitPro/portlibs/armv6k/lib/libpng.a(pngrutil.o) (png_set_bKGD)
/usr/local/devkitPro/portlibs/armv6k/lib/libpng.a(pngtrans.o)
                              /usr/local/devkitPro/portlibs/armv6k/lib/libpng.a(pngread.o) (png_set_bgr)
/usr/local/devkitPro/portlibs/armv6k/lib/libpng.a(pngwrite.o)
                              /usr/local/devkitPro/portlibs/armv6k/lib/libpng.a(png.o) (png_destroy_write_struct)
/usr/local/devkitPro/portlibs/armv6k/lib/libpng.a(pngwtran.o)
                              /usr/local/devkitPro/portlibs/armv6k/lib/libpng.a(pngwrite.o) (png_do_write_transformations)
/usr/local/devkitPro/portlibs/armv6k/lib/libpng.a(pngwutil.o)
                              /usr/local/devkitPro/portlibs/armv6k/lib/libpng.a(png.o) (png_save_uint_32)
/usr/local/devkitPro/portlibs/armv6k/lib/libpng.a(pngwio.o)
                              /usr/local/devkitPro/portlibs/armv6k/lib/libpng.a(pngwutil.o) (png_write_data)
/usr/local/devkitPro/portlibs/armv6k/lib/libz.a(adler32.o)
                              /usr/local/devkitPro/portlibs/armv6k/lib/libpng.a(png.o) (adler32)
/usr/local/devkitPro/portlibs/armv6k/lib/libz.a(crc32.o)
                              /usr/local/devkitPro/portlibs/armv6k/lib/libpng.a(png.o) (crc32)
/usr/local/devkitPro/portlibs/armv6k/lib/libz.a(deflate.o)
                              /usr/local/devkitPro/portlibs/armv6k/lib/libpng.a(pngwutil.o) (deflateReset)
/usr/local/devkitPro/portlibs/armv6k/lib/libz.a(inflate.o)
                              /usr/local/devkitPro/portlibs/armv6k/lib/libpng.a(png.o) (inflateReset)
/usr/local/devkitPro/portlibs/armv6k/lib/libz.a(inftrees.o)
                              /usr/local/devkitPro/portlibs/armv6k/lib/libz.a(inflate.o) (inflate_table)
/usr/local/devkitPro/portlibs/armv6k/lib/libz.a(trees.o)
                              /usr/local/devkitPro/portlibs/armv6k/lib/libz.a(deflate.o) (_tr_init)
/usr/local/devkitPro/portlibs/armv6k/lib/libz.a(zutil.o)
                              /usr/local/devkitPro/portlibs/armv6k/lib/libz.a(deflate.o) (zcalloc)
/usr/local/devkitPro/portlibs/armv6k/lib/libz.a(inffast.o)
                              /usr/local/devkitPro/portlibs/armv6k/lib/libz.a(inflate.o) (inflate_fast)
/usr/local/devkitPro/libctru/lib/libsf2d.a(sf2d.o)
                              main.o (sf2d_fini)
/usr/local/devkitPro/libctru/lib/libsf2d.a(sf2d_texture.o)
                              /usr/local/devkitPro/libctru/lib/libsfil.a(sfil_png.o) (sf2d_create_texture)
/usr/local/devkitPro/libctru/lib/libsf2d.a(shader.shbin.o)
                              /usr/local/devkitPro/libctru/lib/libsf2d.a(sf2d.o) (shader_shbin_size)
/usr/local/devkitPro/libctru/lib/libcitro3d.a(uniforms.o)
                              /usr/local/devkitPro/libctru/lib/libsf2d.a(sf2d.o) (C3D_FVUnifDirty)
/usr/local/devkitPro/libctru/lib/libcitro3d.a(attribs.o)
                              /usr/local/devkitPro/libctru/lib/libsf2d.a(sf2d_texture.o) (AttrInfo_Init)
/usr/local/devkitPro/libctru/lib/libcitro3d.a(effect.o)
                              /usr/local/devkitPro/libctru/lib/libsf2d.a(sf2d.o) (C3D_CullFace)
/usr/local/devkitPro/libctru/lib/libcitro3d.a(drawArrays.o)
                              /usr/local/devkitPro/libctru/lib/libsf2d.a(sf2d_texture.o) (C3D_DrawArrays)
/usr/local/devkitPro/libctru/lib/libcitro3d.a(buffers.o)
[...]
Memory Configuration

Name             Origin             Length             Attributes
*default*        0x00000000         0xffffffff

Linker script and memory map

                0x00100000                PROVIDE (__start__, 0x100000)
                0x00100000                . = __start__

.text           0x00100000    0x2f508
 *(.crt0)
 .crt0          0x00100000       0x94 /opt/devkitpro/devkitARM/lib/gcc/arm-none-eabi/6.3.0/../../../../arm-none-eabi/lib/armv6k/fpu/3dsx_crt0.o
                0x00100000                _start
                0x00100008                __service_ptr
                0x0010000c                __apt_appid
                0x00100010                __heap_size
                0x00100014                __linear_heap_size
                0x00100018                __system_arglist
                0x0010001c                __system_runflags
 *(.init)
 .init          0x00100094        0xc /opt/devkitpro/devkitARM/lib/gcc/arm-none-eabi/6.3.0/armv6k/fpu/crti.o
                0x00100094                _init
 .init          0x001000a0        0xc /opt/devkitpro/devkitARM/lib/gcc/arm-none-eabi/6.3.0/armv6k/fpu/crtn.o
                0x001000ac                . = ALIGN (0x4)
 *(.text)
 .text          0x001000ac       0x6c main.o
                0x001000ac                PTM_ShutdownAsync()
 .text          0x00100118       0x64 /usr/local/devkitPro/libctru/lib/libctru.a(stack_adjust.o)
                0x00100118                initSystem
                0x0010015c                __ctru_exit
 .text          0x0010017c      0x20c /opt/devkitpro/devkitARM/lib/gcc/arm-none-eabi/6.3.0/armv6k/fpu/libgcc.a(_udivsi3.o)
                0x0010017c                __udivsi3
                0x0010017c                __aeabi_uidiv
                0x00100368                __aeabi_uidivmod
 .text          0x00100388      0x240 /opt/devkitpro/devkitARM/lib/gcc/arm-none-eabi/6.3.0/armv6k/fpu/libgcc.a(_divsi3.o)
                0x00100388                __aeabi_idiv
                0x00100388                __divsi3
                0x001005a8                __aeabi_idivmod
 .text          0x001005c8        0x4 /opt/devkitpro/devkitARM/lib/gcc/arm-none-eabi/6.3.0/armv6k/fpu/libgcc.a(_dvmd_tls.o)
                0x001005c8                __aeabi_ldiv0
                0x001005c8                __aeabi_idiv0
 .text          0x001005cc      0x250 /opt/devkitpro/devkitARM/lib/gcc/arm-none-eabi/6.3.0/armv6k/fpu/libgcc.a(_arm_addsubsf3.o)
                0x001005cc                __aeabi_frsub
                0x001005d4                __aeabi_fsub
                0x001005d4                __subsf3
                0x001005d8                __aeabi_fadd
                0x001005d8                __addsf3
                0x00100768                __aeabi_ui2f
                0x00100768                __floatunsisf
                0x00100770                __floatsisf
                0x00100770                __aeabi_i2f
                0x00100790                __aeabi_ul2f
                0x00100790                __floatundisf
                0x001007a0                __aeabi_l2f
                0x001007a0                __floatdisf
 .text          0x0010081c       0x3c /opt/devkitpro/devkitARM/lib/gcc/arm-none-eabi/6.3.0/armv6k/fpu/libgcc.a(_aeabi_uldivmod.o)
                0x0010081c                __aeabi_uldivmod
 .text          0x00100858       0x2c /opt/devkitpro/devkitARM/lib/gcc/arm-none-eabi/6.3.0/../../../../arm-none-eabi/lib/armv6k/fpu/libg.a(lib_a-setjmp.o)
                0x00100858                setjmp
                0x0010086c                longjmp
 *fill*         0x00100884       0x1c 
 .text          0x001008a0      0x390 /opt/devkitpro/devkitARM/lib/gcc/arm-none-eabi/6.3.0/../../../../arm-none-eabi/lib/armv6k/fpu/libg.a(lib_a-strcmp.o)
                0x001008a8                strcmp
 *(.text.*)
 .text.deregister_tm_clones
                0x00100c30       0x30 /opt/devkitpro/devkitARM/lib/gcc/arm-none-eabi/6.3.0/armv6k/fpu/crtbegin.o
 .text.register_tm_clones
                0x00100c60       0x38 /opt/devkitpro/devkitARM/lib/gcc/arm-none-eabi/6.3.0/armv6k/fpu/crtbegin.o
 .text.__do_global_dtors_aux
                0x00100c98       0x44 /opt/devkitpro/devkitARM/lib/gcc/arm-none-eabi/6.3.0/armv6k/fpu/crtbegin.o
 .text.frame_dummy
                0x00100cdc       0x5c /opt/devkitpro/devkitARM/lib/gcc/arm-none-eabi/6.3.0/armv6k/fpu/crtbegin.o
 .text.startup  0x00100d38       0xc8 main.o
                0x00100d38                main
 .text._sfil_load_PNG_generic
                0x00100e00      0x2f8 /usr/local/devkitPro/libctru/lib/libsfil.a(sfil_png.o)
 .text._sfil_read_png_buffer_fn
                0x001010f8       0x34 /usr/local/devkitPro/libctru/lib/libsfil.a(sfil_png.o)
 .text.sfil_load_PNG_buffer
                0x0010112c       0x4c /usr/local/devkitPro/libctru/lib/libsfil.a(sfil_png.o)
                0x0010112c                sfil_load_PNG_buffer
 .text.png_zalloc
                0x00101178       0x50 /usr/local/devkitPro/portlibs/armv6k/lib/libpng.a(png.o)
                0x00101178                png_zalloc
 .text.png_zfree
                0x001011c8        0x4 /usr/local/devkitPro/portlibs/armv6k/lib/libpng.a(png.o)
                0x001011c8                png_zfree
 *fill*         0x001011cc        0x4 
 .text.png_build_16bit_table
                0x001011d0      0x1d0 /usr/local/devkitPro/portlibs/armv6k/lib/libpng.a(png.o)
 .text.png_colorspace_endpoints_match
                0x001013a0      0x114 /usr/local/devkitPro/portlibs/armv6k/lib/libpng.a(png.o)
 .text.png_free_data.part.3
                0x001014b4      0x498 /usr/local/devkitPro/portlibs/armv6k/lib/libpng.a(png.o)
 *fill*         0x0010194c        0x4 
 .text.png_muldiv.part.9
                0x00101950       0x88 /usr/local/devkitPro/portlibs/armv6k/lib/libpng.a(png.o)
 .text.png_gamma_8bit_correct.part.15
                0x001019d8       0x70 /usr/local/devkitPro/portlibs/armv6k/lib/libpng.a(png.o)
 .text.png_icc_profile_error
                0x00101a48      0x200 /usr/local/devkitPro/portlibs/armv6k/lib/libpng.a(png.o)
 .text.png_set_sig_bytes
                0x00101c48       0x3c /usr/local/devkitPro/portlibs/armv6k/lib/libpng.a(png.o)
                0x00101c48                png_set_sig_bytes
 .text.png_sig_cmp
                0x00101c84       0x70 /usr/local/devkitPro/portlibs/armv6k/lib/libpng.a(png.o)
                0x00101c84                png_sig_cmp
 .text.png_reset_crc
                0x00101cf4       0x20 /usr/local/devkitPro/portlibs/armv6k/lib/libpng.a(png.o)
                0x00101cf4                png_reset_crc
 .text.png_calculate_crc
                0x00101d14       0x54 /usr/local/devkitPro/portlibs/armv6k/lib/libpng.a(png.o)
                0x00101d14                png_calculate_crc
 .text.png_user_version_check
                0x00101d68      0x110 /usr/local/devkitPro/portlibs/armv6k/lib/libpng.a(png.o)
                0x00101d68                png_user_version_check
 .text.png_create_png_struct
                0x00101e78      0x114 /usr/local/devkitPro/portlibs/armv6k/lib/libpng.a(png.o)
                0x00101e78                png_create_png_struct
 .text.png_create_info_struct
                0x00101f8c       0x40 /usr/local/devkitPro/portlibs/armv6k/lib/libpng.a(png.o)
                0x00101f8c                png_create_info_struct
 .text.png_destroy_info_struct
                0x00101fcc      0x3a0 /usr/local/devkitPro/portlibs/armv6k/lib/libpng.a(png.o)
                0x00101fcc                png_destroy_info_struct
 .text.png_free_data
                0x0010236c       0x10 /usr/local/devkitPro/portlibs/armv6k/lib/libpng.a(png.o)
                0x0010236c                png_free_data
 .text.png_get_io_ptr
                0x0010237c        0xc /usr/local/devkitPro/portlibs/armv6k/lib/libpng.a(png.o)
                0x0010237c                png_get_io_ptr
 .text.png_chunk_unknown_handling
                0x00102388       0x94 /usr/local/devkitPro/portlibs/armv6k/lib/libpng.a(png.o)
                0x00102388                png_chunk_unknown_handling
 .text.png_zstream_error
                0x0010241c       0xe4 /usr/local/devkitPro/portlibs/armv6k/lib/libpng.a(png.o)
                0x0010241c                png_zstream_error
 .text.png_colorspace_set_gamma
                0x00102500      0x158 /usr/local/devkitPro/portlibs/armv6k/lib/libpng.a(png.o)
                0x00102500                png_colorspace_set_gamma
 .text.png_colorspace_sync
                0x00102658       0x84 /usr/local/devkitPro/portlibs/armv6k/lib/libpng.a(png.o)
                0x00102658                png_colorspace_sync
 *fill*         0x001026dc        0x4 
 .text.png_colorspace_set_sRGB
                0x001026e0      0x204 /usr/local/devkitPro/portlibs/armv6k/lib/libpng.a(png.o)
                0x001026e0                png_colorspace_set_sRGB
 .text.png_icc_check_length
                0x001028e4      0x198 /usr/local/devkitPro/portlibs/armv6k/lib/libpng.a(png.o)
                0x001028e4                png_icc_check_length
 .text.png_icc_check_header
                0x00102a7c      0x37c /usr/local/devkitPro/portlibs/armv6k/lib/libpng.a(png.o)
                0x00102a7c                png_icc_check_header
 .text.png_icc_check_tag_table
                0x00102df8      0x138 /usr/local/devkitPro/portlibs/armv6k/lib/libpng.a(png.o)
                0x00102df8                png_icc_check_tag_table
 .text.png_icc_set_sRGB
                0x00102f30      0x250 /usr/local/devkitPro/portlibs/armv6k/lib/libpng.a(png.o)
                0x00102f30                png_icc_set_sRGB
 .text.png_colorspace_set_rgb_coefficients
                0x00103180      0x284 /usr/local/devkitPro/portlibs/armv6k/lib/libpng.a(png.o)
                0x00103180                png_colorspace_set_rgb_coefficients
 .text.png_check_IHDR
                0x00103404      0x2ac /usr/local/devkitPro/portlibs/armv6k/lib/libpng.a(png.o)
                0x00103404                png_check_IHDR
 .text.png_check_fp_number
                0x001036b0      0x2a8 /usr/local/devkitPro/portlibs/armv6k/lib/libpng.a(png.o)
                0x001036b0                png_check_fp_number
 .text.png_check_fp_string
                0x00103958      0x2d4 /usr/local/devkitPro/portlibs/armv6k/lib/libpng.a(png.o)
                0x00103958                png_check_fp_string
 *fill*         0x00103c2c        0x4 
 .text.png_muldiv
                0x00103c30       0xc8 /usr/local/devkitPro/portlibs/armv6k/lib/libpng.a(png.o)
                0x00103c30                png_muldiv
 .text.png_reciprocal
                0x00103cf8       0x78 /usr/local/devkitPro/portlibs/armv6k/lib/libpng.a(png.o)
                0x00103cf8                png_reciprocal
 .text.png_colorspace_set_chromaticities
                0x00103d70      0xb6c /usr/local/devkitPro/portlibs/armv6k/lib/libpng.a(png.o)
                0x00103d70                png_colorspace_set_chromaticities
 .text.png_gamma_significant
                0x001048dc       0x20 /usr/local/devkitPro/portlibs/armv6k/lib/libpng.a(png.o)
                0x001048dc                png_gamma_significant
 *fill*         0x001048fc        0x4 
 .text.png_reciprocal2
                0x00104900       0xa0 /usr/local/devkitPro/portlibs/armv6k/lib/libpng.a(png.o)
                0x00104900                png_reciprocal2
 .text.png_gamma_8bit_correct
                0x001049a0       0x90 /usr/local/devkitPro/portlibs/armv6k/lib/libpng.a(png.o)
                0x001049a0                png_gamma_8bit_correct
 .text.png_gamma_correct
                0x00104a30      0x104 /usr/local/devkitPro/portlibs/armv6k/lib/libpng.a(png.o)
                0x00104a30                png_gamma_correct
 .text.png_destroy_gamma_table
                0x00104b34      0x134 /usr/local/devkitPro/portlibs/armv6k/lib/libpng.a(png.o)
                0x00104b34                png_destroy_gamma_table
 .text.png_build_gamma_table
                0x00104c68      0x880 /usr/local/devkitPro/portlibs/armv6k/lib/libpng.a(png.o)
                0x00104c68                png_build_gamma_table
 .text.png_format_buffer.isra.0
                0x001054e8      0x1f0 /usr/local/devkitPro/portlibs/armv6k/lib/libpng.a(pngerror.o)
 .text.png_safecat
                0x001056d8       0x78 /usr/local/devkitPro/portlibs/armv6k/lib/libpng.a(pngerror.o)
                0x001056d8                png_safecat
 .text.png_format_number
                0x00105750      0x170 /usr/local/devkitPro/portlibs/armv6k/lib/libpng.a(pngerror.o)
                0x00105750                png_format_number
 .text.png_warning
                0x001058c0      0x14c /usr/local/devkitPro/portlibs/armv6k/lib/libpng.a(pngerror.o)
                0x001058c0                png_warning
 .text.png_chunk_warning
                0x00105a0c      0x1ac /usr/local/devkitPro/portlibs/armv6k/lib/libpng.a(pngerror.o)
                0x00105a0c                png_chunk_warning
 .text.png_free_jmpbuf
                0x00105bb8       0x94 /usr/local/devkitPro/portlibs/armv6k/lib/libpng.a(pngerror.o)
                0x00105bb8                png_free_jmpbuf
 .text.png_longjmp
                0x00105c4c       0x2c /usr/local/devkitPro/portlibs/armv6k/lib/libpng.a(pngerror.o)
                0x00105c4c                png_longjmp
 .text.png_error
                0x00105c78       0x60 /usr/local/devkitPro/portlibs/armv6k/lib/libpng.a(pngerror.o)
                0x00105c78                png_error
 .text.png_app_warning
                0x00105cd8      0x15c /usr/local/devkitPro/portlibs/armv6k/lib/libpng.a(pngerror.o)
                0x00105cd8                png_app_warning
 .text.png_app_error
                0x00105e34      0x15c /usr/local/devkitPro/portlibs/armv6k/lib/libpng.a(pngerror.o)
                0x00105e34                png_app_error
 .text.png_chunk_error
                0x00105f90       0x2c /usr/local/devkitPro/portlibs/armv6k/lib/libpng.a(pngerror.o)
                0x00105f90                png_chunk_error
 .text.png_chunk_benign_error
                0x00105fbc      0x1a4 /usr/local/devkitPro/portlibs/armv6k/lib/libpng.a(pngerror.o)
                0x00105fbc                png_chunk_benign_error
 .text.png_benign_error
                0x00106160      0x2d4 /usr/local/devkitPro/portlibs/armv6k/lib/libpng.a(pngerror.o)
                0x00106160                png_benign_error
 .text.png_set_longjmp_fn
                0x00106434       0xf0 /usr/local/devkitPro/portlibs/armv6k/lib/libpng.a(pngerror.o)
                0x00106434                png_set_longjmp_fn
 .text.png_chunk_report
                0x00106524      0x2dc /usr/local/devkitPro/portlibs/armv6k/lib/libpng.a(pngerror.o)
                0x00106524                png_chunk_report
 .text.png_set_error_fn
                0x00106800       0x14 /usr/local/devkitPro/portlibs/armv6k/lib/libpng.a(pngerror.o)
                0x00106800                png_set_error_fn
 .text.png_get_valid
                0x00106814       0x1c /usr/local/devkitPro/portlibs/armv6k/lib/libpng.a(pngget.o)
                0x00106814                png_get_valid
 .text.png_get_IHDR
                0x00106830       0xa0 /usr/local/devkitPro/portlibs/armv6k/lib/libpng.a(pngget.o)
                0x00106830                png_get_IHDR
 .text.png_destroy_png_struct
                0x001068d0       0x64 /usr/local/devkitPro/portlibs/armv6k/lib/libpng.a(pngmem.o)
                0x001068d0                png_destroy_png_struct
 .text.png_calloc
                0x00106934       0x78 /usr/local/devkitPro/portlibs/armv6k/lib/libpng.a(pngmem.o)
                0x00106934                png_calloc
 .text.png_malloc_base
                0x001069ac       0x30 /usr/local/devkitPro/portlibs/armv6k/lib/libpng.a(pngmem.o)
                0x001069ac                png_malloc_base
 .text.png_malloc_array
                0x001069dc       0x8c /usr/local/devkitPro/portlibs/armv6k/lib/libpng.a(pngmem.o)
                0x001069dc                png_malloc_array
 .text.png_realloc_array
                0x00106a68      0x104 /usr/local/devkitPro/portlibs/armv6k/lib/libpng.a(pngmem.o)
                0x00106a68                png_realloc_array
 .text.png_malloc
                0x00106b6c       0x5c /usr/local/devkitPro/portlibs/armv6k/lib/libpng.a(pngmem.o)
                0x00106b6c                png_malloc
 .text.png_malloc_warn
                0x00106bc8       0x64 /usr/local/devkitPro/portlibs/armv6k/lib/libpng.a(pngmem.o)
                0x00106bc8                png_malloc_warn
 .text.png_free
                0x00106c2c       0x24 /usr/local/devkitPro/portlibs/armv6k/lib/libpng.a(pngmem.o)
                0x00106c2c                png_free
 .text.png_set_mem_fn
                0x00106c50       0x14 /usr/local/devkitPro/portlibs/armv6k/lib/libpng.a(pngmem.o)
                0x00106c50                png_set_mem_fn
 .text.png_do_read_intrapixel
                0x00106c64      0x110 /usr/local/devkitPro/portlibs/armv6k/lib/libpng.a(pngread.o)
 .text.png_read_info.part.3
                0x00106d74      0x408 /usr/local/devkitPro/portlibs/armv6k/lib/libpng.a(pngread.o)
 .text.png_create_read_struct
                0x0010717c       0x58 /usr/local/devkitPro/portlibs/armv6k/lib/libpng.a(pngread.o)
                0x0010717c                png_create_read_struct
 .text.png_read_info
                0x001071d4       0x10 /usr/local/devkitPro/portlibs/armv6k/lib/libpng.a(pngread.o)
                0x001071d4                png_read_info
 .text.png_read_update_info
                0x001071e4       0x40 /usr/local/devkitPro/portlibs/armv6k/lib/libpng.a(pngread.o)
                0x001071e4                png_read_update_info
 .text.png_read_image
                0x00107224      0x3bc /usr/local/devkitPro/portlibs/armv6k/lib/libpng.a(pngread.o)
                0x00107224                png_read_image
 .text.png_destroy_read_struct
                0x001075e0      0x134 /usr/local/devkitPro/portlibs/armv6k/lib/libpng.a(pngread.o)
                0x001075e0                png_destroy_read_struct
 .text.png_default_read_data
                0x00107714       0x38 /usr/local/devkitPro/portlibs/armv6k/lib/libpng.a(pngrio.o)
                0x00107714                png_default_read_data
 .text.png_read_data
                0x0010774c       0x20 /usr/local/devkitPro/portlibs/armv6k/lib/libpng.a(pngrio.o)
                0x0010774c                png_read_data
 .text.png_set_read_fn
                0x0010776c       0x50 /usr/local/devkitPro/portlibs/armv6k/lib/libpng.a(pngrio.o)
                0x0010776c                png_set_read_fn
 .text.png_do_gray_to_rgb
                0x001077bc      0x218 /usr/local/devkitPro/portlibs/armv6k/lib/libpng.a(pngrtran.o)
 .text.png_do_compose
                0x001079d4     0x1170 /usr/local/devkitPro/portlibs/armv6k/lib/libpng.a(pngrtran.o)
 .text.png_set_scale_16
                0x00108b44       0x38 /usr/local/devkitPro/portlibs/armv6k/lib/libpng.a(pngrtran.o)
                0x00108b44                png_set_scale_16
 .text.png_set_expand
                0x00108b7c       0x3c /usr/local/devkitPro/portlibs/armv6k/lib/libpng.a(pngrtran.o)
                0x00108b7c                png_set_expand
 .text.png_set_palette_to_rgb
                0x00108bb8       0x3c /usr/local/devkitPro/portlibs/armv6k/lib/libpng.a(pngrtran.o)
                0x00108bb8                png_set_palette_to_rgb
 .text.png_set_tRNS_to_alpha
                0x00108bf4       0x3c /usr/local/devkitPro/portlibs/armv6k/lib/libpng.a(pngrtran.o)
                0x00108bf4                png_set_tRNS_to_alpha
 .text.png_set_gray_to_rgb
                0x00108c30       0x38 /usr/local/devkitPro/portlibs/armv6k/lib/libpng.a(pngrtran.o)
                0x00108c30                png_set_gray_to_rgb
 .text.png_init_read_transformations
                0x00108c68      0xcc4 /usr/local/devkitPro/portlibs/armv6k/lib/libpng.a(pngrtran.o)
                0x00108c68                png_init_read_transformations
 .text.png_read_transform_info
                0x0010992c      0x2c4 /usr/local/devkitPro/portlibs/armv6k/lib/libpng.a(pngrtran.o)
                0x0010992c                png_read_transform_info
 .text.png_do_read_transformations
                0x00109bf0     0x23f0 /usr/local/devkitPro/portlibs/armv6k/lib/libpng.a(pngrtran.o)
                0x00109bf0                png_do_read_transformations
 .text.png_read_filter_row_sub
                0x0010bfe0      0x1d0 /usr/local/devkitPro/portlibs/armv6k/lib/libpng.a(pngrutil.o)
 .text.png_read_filter_row_up
                0x0010c1b0      0x1ac /usr/local/devkitPro/portlibs/armv6k/lib/libpng.a(pngrutil.o)
 .text.png_read_filter_row_avg
                0x0010c35c       0x80 /usr/local/devkitPro/portlibs/armv6k/lib/libpng.a(pngrutil.o)
 .text.png_read_filter_row_paeth_1byte_pixel
                0x0010c3dc       0x8c /usr/local/devkitPro/portlibs/armv6k/lib/libpng.a(pngrutil.o)
 .text.png_read_filter_row_paeth_multibyte_pixel
                0x0010c468      0x26c /usr/local/devkitPro/portlibs/armv6k/lib/libpng.a(pngrutil.o)
 .text.png_inflate_claim
                0x0010c6d4      0x110 /usr/local/devkitPro/portlibs/armv6k/lib/libpng.a(pngrutil.o)
 .text.png_inflate.constprop.7
                0x0010c7e4      0x1d0 /usr/local/devkitPro/portlibs/armv6k/lib/libpng.a(pngrutil.o)
 .text.png_inflate_read.part.3.constprop.5
                0x0010c9b4      0x158 /usr/local/devkitPro/portlibs/armv6k/lib/libpng.a(pngrutil.o)
 .text.png_crc_finish.constprop.10
                0x0010cb0c       0xdc /usr/local/devkitPro/portlibs/armv6k/lib/libpng.a(pngrutil.o)
 .text.png_decompress_chunk.constprop.6
                0x0010cbe8      0x2c8 /usr/local/devkitPro/portlibs/armv6k/lib/libpng.a(pngrutil.o)
 .text.png_read_sig
                0x0010ceb0       0xac /usr/local/devkitPro/portlibs/armv6k/lib/libpng.a(pngrutil.o)
                0x0010ceb0                png_read_sig
 .text.png_read_chunk_header
                0x0010cf5c      0x158 /usr/local/devkitPro/portlibs/armv6k/lib/libpng.a(pngrutil.o)
                0x0010cf5c                png_read_chunk_header
 .text.png_crc_finish
                0x0010d0b4      0x15c /usr/local/devkitPro/portlibs/armv6k/lib/libpng.a(pngrutil.o)
                0x0010d0b4                png_crc_finish
 .text.png_handle_IHDR
                0x0010d210      0x178 /usr/local/devkitPro/portlibs/armv6k/lib/libpng.a(pngrutil.o)
                0x0010d210                png_handle_IHDR
 .text.png_handle_PLTE
                0x0010d388      0x250 /usr/local/devkitPro/portlibs/armv6k/lib/libpng.a(pngrutil.o)
                0x0010d388                png_handle_PLTE
 .text.png_handle_IEND
                0x0010d5d8       0x54 /usr/local/devkitPro/portlibs/armv6k/lib/libpng.a(pngrutil.o)
                0x0010d5d8                png_handle_IEND
 .text.png_handle_gAMA
                0x0010d62c       0xe4 /usr/local/devkitPro/portlibs/armv6k/lib/libpng.a(pngrutil.o)
                0x0010d62c                png_handle_gAMA
 .text.png_handle_sBIT
                0x0010d710      0x214 /usr/local/devkitPro/portlibs/armv6k/lib/libpng.a(pngrutil.o)
                0x0010d710                png_handle_sBIT
 .text.png_handle_cHRM
                0x0010d924      0x300 /usr/local/devkitPro/portlibs/armv6k/lib/libpng.a(pngrutil.o)
                0x0010d924                png_handle_cHRM
 .text.png_handle_sRGB
                0x0010dc24      0x108 /usr/local/devkitPro/portlibs/armv6k/lib/libpng.a(pngrutil.o)
                0x0010dc24                png_handle_sRGB
 .text.png_handle_iCCP
                0x0010dd2c      0x5dc /usr/local/devkitPro/portlibs/armv6k/lib/libpng.a(pngrutil.o)
                0x0010dd2c                png_handle_iCCP
 .text.png_handle_sPLT
                0x0010e308      0x33c /usr/local/devkitPro/portlibs/armv6k/lib/libpng.a(pngrutil.o)
                0x0010e308                png_handle_sPLT
 .text.png_handle_tRNS
                0x0010e644      0x23c /usr/local/devkitPro/portlibs/armv6k/lib/libpng.a(pngrutil.o)
                0x0010e644                png_handle_tRNS
 .text.png_handle_bKGD
                0x0010e880      0x224 /usr/local/devkitPro/portlibs/armv6k/lib/libpng.a(pngrutil.o)
                0x0010e880                png_handle_bKGD
 .text.png_handle_hIST
                0x0010eaa4      0x13c /usr/local/devkitPro/portlibs/armv6k/lib/libpng.a(pngrutil.o)
                0x0010eaa4                png_handle_hIST
 .text.png_handle_pHYs
                0x0010ebe0      0x13c /usr/local/devkitPro/portlibs/armv6k/lib/libpng.a(pngrutil.o)
                0x0010ebe0                png_handle_pHYs
 .text.png_handle_oFFs
                0x0010ed1c      0x15c /usr/local/devkitPro/portlibs/armv6k/lib/libpng.a(pngrutil.o)
                0x0010ed1c                png_handle_oFFs
 .text.png_handle_pCAL
                0x0010ee78      0x378 /usr/local/devkitPro/portlibs/armv6k/lib/libpng.a(pngrutil.o)
                0x0010ee78                png_handle_pCAL
 .text.png_handle_sCAL
                0x0010f1f0      0x284 /usr/local/devkitPro/portlibs/armv6k/lib/libpng.a(pngrutil.o)
                0x0010f1f0                png_handle_sCAL
 .text.png_handle_tIME
                0x0010f474      0x114 /usr/local/devkitPro/portlibs/armv6k/lib/libpng.a(pngrutil.o)
                0x0010f474                png_handle_tIME
 .text.png_handle_tEXt
                0x0010f588      0x1c4 /usr/local/devkitPro/portlibs/armv6k/lib/libpng.a(pngrutil.o)
                0x0010f588                png_handle_tEXt
 .text.png_handle_zTXt
                0x0010f74c      0x24c /usr/local/devkitPro/portlibs/armv6k/lib/libpng.a(pngrutil.o)
                0x0010f74c                png_handle_zTXt
 .text.png_handle_iTXt
                0x0010f998      0x348 /usr/local/devkitPro/portlibs/armv6k/lib/libpng.a(pngrutil.o)
                0x0010f998                png_handle_iTXt
 .text.png_handle_unknown
                0x0010fce0      0x36c /usr/local/devkitPro/portlibs/armv6k/lib/libpng.a(pngrutil.o)
                0x0010fce0                png_handle_unknown
 .text.png_combine_row
                0x0011004c      0x4dc /usr/local/devkitPro/portlibs/armv6k/lib/libpng.a(pngrutil.o)
                0x0011004c                png_combine_row
 .text.png_do_read_interlace
                0x00110528      0x484 /usr/local/devkitPro/portlibs/armv6k/lib/libpng.a(pngrutil.o)
                0x00110528                png_do_read_interlace
 .text.png_read_filter_row
                0x001109ac       0x90 /usr/local/devkitPro/portlibs/armv6k/lib/libpng.a(pngrutil.o)
                0x001109ac                png_read_filter_row
 .text.png_read_IDAT_data
                0x00110a3c      0x508 /usr/local/devkitPro/portlibs/armv6k/lib/libpng.a(pngrutil.o)
                0x00110a3c                png_read_IDAT_data
 .text.png_read_finish_row
                0x00110f44      0x368 /usr/local/devkitPro/portlibs/armv6k/lib/libpng.a(pngrutil.o)
                0x00110f44                png_read_finish_row
 .text.png_read_start_row
                0x001112ac      0x340 /usr/local/devkitPro/portlibs/armv6k/lib/libpng.a(pngrutil.o)
                0x001112ac                png_read_start_row
 .text.png_set_bKGD
                0x001115ec       0x50 /usr/local/devkitPro/portlibs/armv6k/lib/libpng.a(pngset.o)
                0x001115ec                png_set_bKGD
 .text.png_set_hIST
                0x0011163c       0xac /usr/local/devkitPro/portlibs/armv6k/lib/libpng.a(pngset.o)
                0x0011163c                png_set_hIST
 .text.png_set_IHDR
                0x001116e8       0xdc /usr/local/devkitPro/portlibs/armv6k/lib/libpng.a(pngset.o)
                0x001116e8                png_set_IHDR
 .text.png_set_oFFs
                0x001117c4       0x2c /usr/local/devkitPro/portlibs/armv6k/lib/libpng.a(pngset.o)
                0x001117c4                png_set_oFFs
 .text.png_set_pCAL
                0x001117f0      0x268 /usr/local/devkitPro/portlibs/armv6k/lib/libpng.a(pngset.o)
                0x001117f0                png_set_pCAL
 .text.png_set_sCAL_s
                0x00111a58      0x164 /usr/local/devkitPro/portlibs/armv6k/lib/libpng.a(pngset.o)
                0x00111a58                png_set_sCAL_s
 .text.png_set_pHYs
                0x00111bbc       0x2c /usr/local/devkitPro/portlibs/armv6k/lib/libpng.a(pngset.o)
                0x00111bbc                png_set_pHYs
 .text.png_set_PLTE
                0x00111be8      0x13c /usr/local/devkitPro/portlibs/armv6k/lib/libpng.a(pngset.o)
                0x00111be8                png_set_PLTE
 .text.png_set_sBIT
                0x00111d24       0x44 /usr/local/devkitPro/portlibs/armv6k/lib/libpng.a(pngset.o)
                0x00111d24                png_set_sBIT
 .text.png_set_text_2
                0x00111d68      0x334 /usr/local/devkitPro/portlibs/armv6k/lib/libpng.a(pngset.o)
                0x00111d68                png_set_text_2
 .text.png_set_tIME
                0x0011209c       0xa0 /usr/local/devkitPro/portlibs/armv6k/lib/libpng.a(pngset.o)
                0x0011209c                png_set_tIME
 .text.png_set_tRNS
                0x0011213c      0x138 /usr/local/devkitPro/portlibs/armv6k/lib/libpng.a(pngset.o)
                0x0011213c                png_set_tRNS
 .text.png_set_sPLT
                0x00112274      0x184 /usr/local/devkitPro/portlibs/armv6k/lib/libpng.a(pngset.o)
                0x00112274                png_set_sPLT
 .text.png_set_unknown_chunks
                0x001123f8      0x18c /usr/local/devkitPro/portlibs/armv6k/lib/libpng.a(pngset.o)
                0x001123f8                png_set_unknown_chunks
 .text.png_set_packing
                0x00112584       0x28 /usr/local/devkitPro/portlibs/armv6k/lib/libpng.a(pngtrans.o)
                0x00112584                png_set_packing
 .text.png_set_interlace_handling
                0x001125ac       0x30 /usr/local/devkitPro/portlibs/armv6k/lib/libpng.a(pngtrans.o)
                0x001125ac                png_set_interlace_handling
 .text.png_set_filler
                0x001125dc       0x88 /usr/local/devkitPro/portlibs/armv6k/lib/libpng.a(pngtrans.o)
                0x001125dc                png_set_filler
 .text.png_do_invert
                0x00112664      0x1ec /usr/local/devkitPro/portlibs/armv6k/lib/libpng.a(pngtrans.o)
                0x00112664                png_do_invert
 .text.png_do_swap
                0x00112850       0x4c /usr/local/devkitPro/portlibs/armv6k/lib/libpng.a(pngtrans.o)
                0x00112850                png_do_swap
 .text.png_do_packswap
                0x0011289c       0x6c /usr/local/devkitPro/portlibs/armv6k/lib/libpng.a(pngtrans.o)
                0x0011289c                png_do_packswap
 .text.png_do_strip_channel
                0x00112908      0x22c /usr/local/devkitPro/portlibs/armv6k/lib/libpng.a(pngtrans.o)
                0x00112908                png_do_strip_channel
 .text.png_do_bgr
                0x00112b34      0x13c /usr/local/devkitPro/portlibs/armv6k/lib/libpng.a(pngtrans.o)
                0x00112b34                png_do_bgr
 .text.png_do_check_palette_indexes
                0x00112c70      0x1d0 /usr/local/devkitPro/portlibs/armv6k/lib/libpng.a(pngtrans.o)
                0x00112c70                png_do_check_palette_indexes
 .text.adler32  0x00112e40      0x44c /usr/local/devkitPro/portlibs/armv6k/lib/libz.a(adler32.o)
                0x00112e40                adler32
 .text.crc32    0x0011328c      0x59c /usr/local/devkitPro/portlibs/armv6k/lib/libz.a(crc32.o)
                0x0011328c                crc32
 .text.inflateReset
                0x00113828       0x9c /usr/local/devkitPro/portlibs/armv6k/lib/libz.a(inflate.o)
                0x00113828                inflateReset
 .text.inflateReset2
                0x001138c4      0x120 /usr/local/devkitPro/portlibs/armv6k/lib/libz.a(inflate.o)
                0x001138c4                inflateReset2
 .text.inflateInit2_
                0x001139e4      0x178 /usr/local/devkitPro/portlibs/armv6k/lib/libz.a(inflate.o)
                0x001139e4                inflateInit2_
 .text.inflate  0x00113b5c     0x1ffc /usr/local/devkitPro/portlibs/armv6k/lib/libz.a(inflate.o)
                0x00113b5c                inflate
 .text.inflateEnd
                0x00115b58       0x60 /usr/local/devkitPro/portlibs/armv6k/lib/libz.a(inflate.o)
                0x00115b58                inflateEnd
 .text.inflate_table
                0x00115bb8      0xb64 /usr/local/devkitPro/portlibs/armv6k/lib/libz.a(inftrees.o)
                0x00115bb8                inflate_table
 .text.zcalloc  0x0011671c        0x8 /usr/local/devkitPro/portlibs/armv6k/lib/libz.a(zutil.o)
                0x0011671c                zcalloc
 .text.zcfree   0x00116724        0x8 /usr/local/devkitPro/portlibs/armv6k/lib/libz.a(zutil.o)
                0x00116724                zcfree
 .text.inflate_fast
                0x0011672c      0xdf0 /usr/local/devkitPro/portlibs/armv6k/lib/libz.a(inffast.o)
                0x0011672c                inflate_fast
 .text.sf2d_fini
                0x0011751c       0x48 /usr/local/devkitPro/libctru/lib/libsf2d.a(sf2d.o)
                0x0011751c                sf2d_fini
 .text.sf2d_start_frame_target
                0x00117564       0xa0 /usr/local/devkitPro/libctru/lib/libsf2d.a(sf2d.o)
                0x00117564                sf2d_start_frame_target
 .text.sf2d_start_frame
                0x00117604       0x38 /usr/local/devkitPro/libctru/lib/libsf2d.a(sf2d.o)
                0x00117604                sf2d_start_frame
 .text.sf2d_end_frame
                0x0011763c        0x4 /usr/local/devkitPro/libctru/lib/libsf2d.a(sf2d.o)
                0x0011763c                sf2d_end_frame
 .text.sf2d_swapbuffers
                0x00117640       0xb0 /usr/local/devkitPro/libctru/lib/libsf2d.a(sf2d.o)
                0x00117640                sf2d_swapbuffers
 .text.sf2d_pool_memalign
                0x001176f0       0x40 /usr/local/devkitPro/libctru/lib/libsf2d.a(sf2d.o)
                0x001176f0                sf2d_pool_memalign
 .text.sf2d_set_clear_color
                0x00117730       0x38 /usr/local/devkitPro/libctru/lib/libsf2d.a(sf2d.o)
                0x00117730                sf2d_set_clear_color
 .text.sf2d_init_advanced.part.0
                0x00117768      0x1ac /usr/local/devkitPro/libctru/lib/libsf2d.a(sf2d.o)
 .text.sf2d_init
                0x00117914       0x28 /usr/local/devkitPro/libctru/lib/libsf2d.a(sf2d.o)
                0x00117914                sf2d_init
 .text.sf2d_create_texture
                0x0011793c      0x118 /usr/local/devkitPro/libctru/lib/libsf2d.a(sf2d_texture.o)
                0x0011793c                sf2d_create_texture
 .text.sf2d_create_rendertarget
                0x00117a54       0x94 /usr/local/devkitPro/libctru/lib/libsf2d.a(sf2d_texture.o)
                0x00117a54                sf2d_create_rendertarget
 .text.sf2d_free_texture
                0x00117ae8       0x20 /usr/local/devkitPro/libctru/lib/libsf2d.a(sf2d_texture.o)
                0x00117ae8                sf2d_free_texture
 .text.sf2d_clear_target
                0x00117b08       0x14 /usr/local/devkitPro/libctru/lib/libsf2d.a(sf2d_texture.o)
                0x00117b08                sf2d_clear_target
 .text.sf2d_bind_texture
                0x00117b1c       0x54 /usr/local/devkitPro/libctru/lib/libsf2d.a(sf2d_texture.o)
                0x00117b1c                sf2d_bind_texture
 .text.sf2d_draw_texture
                0x00117b70      0x160 /usr/local/devkitPro/libctru/lib/libsf2d.a(sf2d_texture.o)
                0x00117b70                sf2d_draw_texture
 .text.sf2d_texture_tile32
                0x00117cd0      0x110 /usr/local/devkitPro/libctru/lib/libsf2d.a(sf2d_texture.o)
                0x00117cd0                sf2d_texture_tile32
 .text.C3D_UpdateUniforms
                0x00117de0      0x2b4 /usr/local/devkitPro/libctru/lib/libcitro3d.a(uniforms.o)
                0x00117de0                C3D_UpdateUniforms
 .text.C3Di_DirtyUniforms
                0x00118094       0xc0 /usr/local/devkitPro/libctru/lib/libcitro3d.a(uniforms.o)
                0x00118094                C3Di_DirtyUniforms
 .text.C3Di_LoadShaderUniforms
                0x00118154       0xe8 /usr/local/devkitPro/libctru/lib/libcitro3d.a(uniforms.o)
                0x00118154                C3Di_LoadShaderUniforms
 .text.C3Di_ClearShaderUniforms
                0x0011823c       0x28 /usr/local/devkitPro/libctru/lib/libcitro3d.a(uniforms.o)
                0x0011823c                C3Di_ClearShaderUniforms
 .text.AttrInfo_Init
                0x00118264       0x28 /usr/local/devkitPro/libctru/lib/libcitro3d.a(attribs.o)
                0x00118264                AttrInfo_Init
 .text.AttrInfo_AddLoader
                0x0011828c       0xac /usr/local/devkitPro/libctru/lib/libcitro3d.a(attribs.o)
                0x0011828c                AttrInfo_AddLoader
 .text.C3D_GetAttrInfo
                0x00118338       0x24 /usr/local/devkitPro/libctru/lib/libcitro3d.a(attribs.o)
                0x00118338                C3D_GetAttrInfo
 .text.C3Di_AttrInfoBind
                0x0011835c       0x80 /usr/local/devkitPro/libctru/lib/libcitro3d.a(attribs.o)
                0x0011835c                C3Di_AttrInfoBind
 .text.C3D_DepthMap
                0x001183dc       0x3c /usr/local/devkitPro/libctru/lib/libcitro3d.a(effect.o)
                0x001183dc                C3D_DepthMap
 .text.C3D_CullFace
                0x00118418       0x1c /usr/local/devkitPro/libctru/lib/libcitro3d.a(effect.o)
                0x00118418                C3D_CullFace
 .text.C3D_StencilTest
                0x00118434       0x40 /usr/local/devkitPro/libctru/lib/libcitro3d.a(effect.o)
                0x00118434                C3D_StencilTest
 .text.C3D_StencilOp
                0x00118474       0x24 /usr/local/devkitPro/libctru/lib/libcitro3d.a(effect.o)
                0x00118474                C3D_StencilOp
 .text.C3D_BlendingColor
                0x00118498       0x1c /usr/local/devkitPro/libctru/lib/libcitro3d.a(effect.o)
                0x00118498                C3D_BlendingColor
 .text.C3D_DepthTest
                0x001184b4       0x2c /usr/local/devkitPro/libctru/lib/libcitro3d.a(effect.o)
                0x001184b4                C3D_DepthTest
 .text.C3D_AlphaTest
                0x001184e0       0x2c /usr/local/devkitPro/libctru/lib/libcitro3d.a(effect.o)
                0x001184e0                C3D_AlphaTest
 .text.C3D_AlphaBlend
                0x0011850c       0x50 /usr/local/devkitPro/libctru/lib/libcitro3d.a(effect.o)
                0x0011850c                C3D_AlphaBlend
 .text.C3D_FragOpMode
                0x0011855c       0x30 /usr/local/devkitPro/libctru/lib/libcitro3d.a(effect.o)
                0x0011855c                C3D_FragOpMode
 .text.C3Di_EffectBind
                0x0011858c      0x11c /usr/local/devkitPro/libctru/lib/libcitro3d.a(effect.o)
                0x0011858c                C3Di_EffectBind
 .text.C3D_DrawArrays
                0x001186a8      0x148 /usr/local/devkitPro/libctru/lib/libcitro3d.a(drawArrays.o)
                0x001186a8                C3D_DrawArrays
 .text.BufInfo_Init
                0x001187f0       0x20 /usr/local/devkitPro/libctru/lib/libcitro3d.a(buffers.o)
                0x001187f0                BufInfo_Init
 .text.BufInfo_Add
                0x00118810       0x84 /usr/local/devkitPro/libctru/lib/libcitro3d.a(buffers.o)
                0x00118810                BufInfo_Add
 .text.C3D_GetBufInfo
                0x00118894       0x24 /usr/local/devkitPro/libctru/lib/libcitro3d.a(buffers.o)
                0x00118894                C3D_GetBufInfo
 .text.C3Di_BufInfoBind
                0x001188b8       0x48 /usr/local/devkitPro/libctru/lib/libcitro3d.a(buffers.o)
                0x001188b8                C3Di_BufInfoBind
 .text.TexEnv_Init
                0x00118900       0x34 /usr/local/devkitPro/libctru/lib/libcitro3d.a(texenv.o)
                0x00118900                TexEnv_Init
 .text.C3D_GetTexEnv
                0x00118934       0x34 /usr/local/devkitPro/libctru/lib/libcitro3d.a(texenv.o)
                0x00118934                C3D_GetTexEnv
 .text.C3Di_TexEnvBind
                0x00118968       0x24 /usr/local/devkitPro/libctru/lib/libcitro3d.a(texenv.o)
                0x00118968                C3Di_TexEnvBind
 .text.C3D_TexInit
                0x0011898c       0xb8 /usr/local/devkitPro/libctru/lib/libcitro3d.a(texture.o)
                0x0011898c                C3D_TexInit
 .text.C3D_TexInitVRAM
                0x00118a44       0xb8 /usr/local/devkitPro/libctru/lib/libcitro3d.a(texture.o)
                0x00118a44                C3D_TexInitVRAM
 .text.C3D_TexSetWrap
                0x00118afc       0x28 /usr/local/devkitPro/libctru/lib/libcitro3d.a(texture.o)
                0x00118afc                C3D_TexSetWrap
 .text.C3D_TexBind
                0x00118b24       0x34 /usr/local/devkitPro/libctru/lib/libcitro3d.a(texture.o)
                0x00118b24                C3D_TexBind
 .text.C3D_TexDelete
                0x00118b58       0x3c /usr/local/devkitPro/libctru/lib/libcitro3d.a(texture.o)
                0x00118b58                C3D_TexDelete
 .text.C3Di_RenderQueueWaitDone
                0x00118b94       0x3c /usr/local/devkitPro/libctru/lib/libcitro3d.a(renderqueue.o)
 .text.performTransfer.part.0
                0x00118bd0       0x78 /usr/local/devkitPro/libctru/lib/libcitro3d.a(renderqueue.o)
 .text.transferTarget
                0x00118c48       0x50 /usr/local/devkitPro/libctru/lib/libcitro3d.a(renderqueue.o)
 .text.onVBlank1
                0x00118c98       0x24 /usr/local/devkitPro/libctru/lib/libcitro3d.a(renderqueue.o)
 .text.onVBlank0
                0x00118cbc       0x8c /usr/local/devkitPro/libctru/lib/libcitro3d.a(renderqueue.o)
 .text.performClear.part.2
                0x00118d48       0x3c /usr/local/devkitPro/libctru/lib/libcitro3d.a(renderqueue.o)
 .text.clearTarget
                0x00118d84       0x4c /usr/local/devkitPro/libctru/lib/libcitro3d.a(renderqueue.o)
 .text.updateFrameQueue.part.4
                0x00118dd0       0xc0 /usr/local/devkitPro/libctru/lib/libcitro3d.a(renderqueue.o)
 .text.onRenderFinish
                0x00118e90       0xe0 /usr/local/devkitPro/libctru/lib/libcitro3d.a(renderqueue.o)
 .text.onTransferFinish
                0x00118f70       0xbc /usr/local/devkitPro/libctru/lib/libcitro3d.a(renderqueue.o)
 .text.checkRenderQueueInit.part.7
                0x0011902c       0x5c /usr/local/devkitPro/libctru/lib/libcitro3d.a(renderqueue.o)
 .text.onClearDone
                0x00119088       0x70 /usr/local/devkitPro/libctru/lib/libcitro3d.a(renderqueue.o)
 .text.C3D_FrameBegin
                0x001190f8       0x6c /usr/local/devkitPro/libctru/lib/libcitro3d.a(renderqueue.o)
                0x001190f8                C3D_FrameBegin
 .text.C3D_FrameDrawOn
                0x00119164       0x78 /usr/local/devkitPro/libctru/lib/libcitro3d.a(renderqueue.o)
                0x00119164                C3D_FrameDrawOn
 .text.C3D_FrameEnd
                0x001191dc       0xcc /usr/local/devkitPro/libctru/lib/libcitro3d.a(renderqueue.o)
                0x001191dc                C3D_FrameEnd
 .text.C3D_RenderTargetCreate
                0x001192a8       0xe0 /usr/local/devkitPro/libctru/lib/libcitro3d.a(renderqueue.o)
                0x001192a8                C3D_RenderTargetCreate
 .text.C3D_RenderTargetDelete
                0x00119388       0x7c /usr/local/devkitPro/libctru/lib/libcitro3d.a(renderqueue.o)
                0x00119388                C3D_RenderTargetDelete
 .text.C3Di_RenderQueueExit
                0x00119404       0x84 /usr/local/devkitPro/libctru/lib/libcitro3d.a(renderqueue.o)
 .text.C3D_RenderTargetSetClear
                0x00119488       0x50 /usr/local/devkitPro/libctru/lib/libcitro3d.a(renderqueue.o)
                0x00119488                C3D_RenderTargetSetClear
 .text.C3D_RenderTargetSetOutput
                0x001194d8       0x58 /usr/local/devkitPro/libctru/lib/libcitro3d.a(renderqueue.o)
                0x001194d8                C3D_RenderTargetSetOutput
 .text.C3Di_AptEventHook
                0x00119530       0x88 /usr/local/devkitPro/libctru/lib/libcitro3d.a(base.o)
 .text.C3D_Init
                0x001195b8      0x174 /usr/local/devkitPro/libctru/lib/libcitro3d.a(base.o)
                0x001195b8                C3D_Init
 .text.C3D_SetViewport
                0x0011972c       0x98 /usr/local/devkitPro/libctru/lib/libcitro3d.a(base.o)
                0x0011972c                C3D_SetViewport
 .text.C3Di_UpdateContext
                0x001197c4      0x584 /usr/local/devkitPro/libctru/lib/libcitro3d.a(base.o)
                0x001197c4                C3Di_UpdateContext
 .text.C3Di_FinalizeFrame
                0x00119d48       0xe0 /usr/local/devkitPro/libctru/lib/libcitro3d.a(base.o)
                0x00119d48                C3Di_FinalizeFrame
 .text.C3D_Fini
                0x00119e28       0x48 /usr/local/devkitPro/libctru/lib/libcitro3d.a(base.o)
                0x00119e28                C3D_Fini
 .text.C3D_BindProgram
                0x00119e70       0xd4 /usr/local/devkitPro/libctru/lib/libcitro3d.a(base.o)
                0x00119e70                C3D_BindProgram
 .text.Mtx_OrthoTilt
                0x00119f44       0xc8 /usr/local/devkitPro/libctru/lib/libcitro3d.a(mtx_orthotilt.o)
                0x00119f44                Mtx_OrthoTilt
 .text.C3D_RenderBufInit
                0x0011a00c       0xa4 /usr/local/devkitPro/libctru/lib/libcitro3d.a(renderbuffer.o)
                0x0011a00c                C3D_RenderBufInit
 .text.C3D_RenderBufClearAsync
                0x0011a0b0       0x80 /usr/local/devkitPro/libctru/lib/libcitro3d.a(renderbuffer.o)
                0x0011a0b0                C3D_RenderBufClearAsync
 .text.C3D_RenderBufTransferAsync
                0x0011a130       0x28 /usr/local/devkitPro/libctru/lib/libcitro3d.a(renderbuffer.o)
                0x0011a130                C3D_RenderBufTransferAsync
 .text.C3D_RenderBufBind
                0x0011a158       0x38 /usr/local/devkitPro/libctru/lib/libcitro3d.a(renderbuffer.o)
                0x0011a158                C3D_RenderBufBind
 .text.C3Di_RenderBufBind
                0x0011a190      0x170 /usr/local/devkitPro/libctru/lib/libcitro3d.a(renderbuffer.o)
                0x0011a190                C3Di_RenderBufBind
 .text.C3D_RenderBufDelete
                0x0011a300       0x18 /usr/local/devkitPro/libctru/lib/libcitro3d.a(renderbuffer.o)
                0x0011a300                C3D_RenderBufDelete
 .text.C3D_ImmSendAttrib
                0x0011a318       0xb4 /usr/local/devkitPro/libctru/lib/libcitro3d.a(immediate.o)
                0x0011a318                C3D_ImmSendAttrib
 .text._ZL21addrMapNodeComparatorPK11rbtree_nodeS1_
                0x0011a3cc       0x24 /usr/local/devkitPro/libctru/lib/libctru.a(linear.o)
 .text._ZL21addrMapNodeDestructorP11rbtree_node
                0x0011a3f0        0x4 /usr/local/devkitPro/libctru/lib/libctru.a(linear.o)
 .text.linearMemAlign
                0x0011a3f4      0x13c /usr/local/devkitPro/libctru/lib/libctru.a(linear.o)
                0x0011a3f4                linearMemAlign
 .text.linearAlloc
                0x0011a530        0x8 /usr/local/devkitPro/libctru/lib/libctru.a(linear.o)
                0x0011a530                linearAlloc
 .text.linearFree
                0x0011a538       0x50 /usr/local/devkitPro/libctru/lib/libctru.a(linear.o)
                0x0011a538                linearFree
 .text._ZL21addrMapNodeComparatorPK11rbtree_nodeS1_
                0x0011a588       0x24 /usr/local/devkitPro/libctru/lib/libctru.a(vram.o)
 .text._ZL21addrMapNodeDestructorP11rbtree_node
                0x0011a5ac        0x4 /usr/local/devkitPro/libctru/lib/libctru.a(vram.o)
 .text.vramMemAlign
                0x0011a5b0      0x12c /usr/local/devkitPro/libctru/lib/libctru.a(vram.o)
                0x0011a5b0                vramMemAlign
 .text.vramAlloc
                0x0011a6dc        0x8 /usr/local/devkitPro/libctru/lib/libctru.a(vram.o)
                0x0011a6dc                vramAlloc
 .text.vramFree
                0x0011a6e4       0x50 /usr/local/devkitPro/libctru/lib/libctru.a(vram.o)
                0x0011a6e4                vramFree
 .text.gfxSetFramebufferInfo.part.0
                0x0011a734       0x8c /usr/local/devkitPro/libctru/lib/libctru.a(gfx.o)
 .text.gfxSet3D
                0x0011a7c0       0x10 /usr/local/devkitPro/libctru/lib/libctru.a(gfx.o)
                0x0011a7c0                gfxSet3D
 .text.gfxIs3D  0x0011a7d0       0x10 /usr/local/devkitPro/libctru/lib/libctru.a(gfx.o)
                0x0011a7d0                gfxIs3D
 .text.__get_bytes_per_pixel
                0x0011a7e0       0x18 /usr/local/devkitPro/libctru/lib/libctru.a(gfx.o)
                0x0011a7e0                __get_bytes_per_pixel
 .text.gfxSetScreenFormat
                0x0011a7f8      0x174 /usr/local/devkitPro/libctru/lib/libctru.a(gfx.o)
                0x0011a7f8                gfxSetScreenFormat
 .text.gfxSetFramebufferInfo
                0x0011a96c       0x70 /usr/local/devkitPro/libctru/lib/libctru.a(gfx.o)
                0x0011a96c                gfxSetFramebufferInfo
 .text.gfxWriteFramebufferInfo
                0x0011a9dc       0x88 /usr/local/devkitPro/libctru/lib/libctru.a(gfx.o)
                0x0011a9dc                gfxWriteFramebufferInfo
 .text.gfxInit  0x0011aa64      0x1fc /usr/local/devkitPro/libctru/lib/libctru.a(gfx.o)
                0x0011aa64                gfxInit
 .text.gfxInitDefault
                0x0011ac60       0x10 /usr/local/devkitPro/libctru/lib/libctru.a(gfx.o)
                0x0011ac60                gfxInitDefault
 .text.gfxExit  0x0011ac70       0xe0 /usr/local/devkitPro/libctru/lib/libctru.a(gfx.o)
                0x0011ac70                gfxExit
 .text.gfxGetFramebuffer
                0x0011ad50       0xb0 /usr/local/devkitPro/libctru/lib/libctru.a(gfx.o)
                0x0011ad50                gfxGetFramebuffer
 .text.gfxConfigScreen
                0x0011ae00       0x70 /usr/local/devkitPro/libctru/lib/libctru.a(gfx.o)
                0x0011ae00                gfxConfigScreen
 .text.srvExit  0x0011ae70       0x50 /usr/local/devkitPro/libctru/lib/libctru.a(srv.o)
                0x0011ae70                srvExit
 .text.srvRegisterClient
                0x0011aec0       0x38 /usr/local/devkitPro/libctru/lib/libctru.a(srv.o)
                0x0011aec0                srvRegisterClient
 .text.srvInit  0x0011aef8       0x78 /usr/local/devkitPro/libctru/lib/libctru.a(srv.o)
                0x0011aef8                srvInit
 .text.srvGetServiceHandleDirect
                0x0011af70       0x68 /usr/local/devkitPro/libctru/lib/libctru.a(srv.o)
                0x0011af70                srvGetServiceHandleDirect
 .text.srvGetServiceHandle
                0x0011afd8       0x38 /usr/local/devkitPro/libctru/lib/libctru.a(srv.o)
                0x0011afd8                srvGetServiceHandle
 .text.getSysTime
                0x0011b010       0x58 /usr/local/devkitPro/libctru/lib/libctru.a(os.o)
 .text.osConvertVirtToPhys
                0x0011b068       0x4c /usr/local/devkitPro/libctru/lib/libctru.a(os.o)
                0x0011b068                osConvertVirtToPhys
 .text.osGetMemRegionUsed
                0x0011b0b4       0x24 /usr/local/devkitPro/libctru/lib/libctru.a(os.o)
                0x0011b0b4                osGetMemRegionUsed
 .text.__libctru_gtod
                0x0011b0d8       0xf4 /usr/local/devkitPro/libctru/lib/libctru.a(os.o)
                0x0011b0d8                __libctru_gtod
 *fill*         0x0011b1cc        0x4 
 .text.osGetTime
                0x0011b1d0       0x78 /usr/local/devkitPro/libctru/lib/libctru.a(os.o)
                0x0011b1d0                osGetTime
 .text.__ctru_speedup_config
                0x0011b248       0x34 /usr/local/devkitPro/libctru/lib/libctru.a(os.o)
                0x0011b248                __ctru_speedup_config
 .text.envGetHandle
                0x0011b27c       0x84 /usr/local/devkitPro/libctru/lib/libctru.a(env.o)
                0x0011b27c                envGetHandle
 .text.envDestroyHandles
                0x0011b300       0x4c /usr/local/devkitPro/libctru/lib/libctru.a(env.o)
                0x0011b300                envDestroyHandles
 .text.GPUCMD_SetBuffer
                0x0011b34c       0x2c /usr/local/devkitPro/libctru/lib/libctru.a(gpu.o)
                0x0011b34c                GPUCMD_SetBuffer
 .text.GPUCMD_GetBuffer
                0x0011b378       0x40 /usr/local/devkitPro/libctru/lib/libctru.a(gpu.o)
                0x0011b378                GPUCMD_GetBuffer
 .text.GPUCMD_Add
                0x0011b3b8      0x108 /usr/local/devkitPro/libctru/lib/libctru.a(gpu.o)
                0x0011b3b8                GPUCMD_Add
 .text.GPUCMD_Finalize
                0x0011b4c0       0x98 /usr/local/devkitPro/libctru/lib/libctru.a(gpu.o)
                0x0011b4c0                GPUCMD_Finalize
 .text.f32tof24
                0x0011b558       0x44 /usr/local/devkitPro/libctru/lib/libctru.a(gpu.o)
                0x0011b558                f32tof24
 .text.f32tof31
                0x0011b59c       0x40 /usr/local/devkitPro/libctru/lib/libctru.a(gpu.o)
                0x0011b59c                f32tof31
 .text.GX_ProcessCommandList
                0x0011b5dc       0x54 /usr/local/devkitPro/libctru/lib/libctru.a(gx.o)
                0x0011b5dc                GX_ProcessCommandList
 .text.GX_MemoryFill
                0x0011b630       0x60 /usr/local/devkitPro/libctru/lib/libctru.a(gx.o)
                0x0011b630                GX_MemoryFill
 .text.GX_DisplayTransfer
                0x0011b690       0x50 /usr/local/devkitPro/libctru/lib/libctru.a(gx.o)
                0x0011b690                GX_DisplayTransfer
 .text.GX_FlushCacheRegions
                0x0011b6e0       0x54 /usr/local/devkitPro/libctru/lib/libctru.a(gx.o)
                0x0011b6e0                GX_FlushCacheRegions
 .text.DVLB_Free
                0x0011b734       0x38 /usr/local/devkitPro/libctru/lib/libctru.a(shbin.o)
                0x0011b734                DVLB_Free
 .text.DVLE_GetUniformRegister
                0x0011b76c       0x78 /usr/local/devkitPro/libctru/lib/libctru.a(shbin.o)
                0x0011b76c                DVLE_GetUniformRegister
 .text.DVLE_GenerateOutmap
                0x0011b7e4      0x1ec /usr/local/devkitPro/libctru/lib/libctru.a(shbin.o)
                0x0011b7e4                DVLE_GenerateOutmap
 .text.DVLB_ParseFile
                0x0011b9d0      0x1c0 /usr/local/devkitPro/libctru/lib/libctru.a(shbin.o)
                0x0011b9d0                DVLB_ParseFile
 .text.shaderInstanceInit
                0x0011bb90      0x1f4 /usr/local/devkitPro/libctru/lib/libctru.a(shaderProgram.o)
                0x0011bb90                shaderInstanceInit
 .text.shaderInstanceFree
                0x0011bd84       0x34 /usr/local/devkitPro/libctru/lib/libctru.a(shaderProgram.o)
                0x0011bd84                shaderInstanceFree
 .text.shaderInstanceGetUniformLocation
                0x0011bdb8       0x18 /usr/local/devkitPro/libctru/lib/libctru.a(shaderProgram.o)
                0x0011bdb8                shaderInstanceGetUniformLocation
 .text.shaderProgramInit
                0x0011bdd0       0x18 /usr/local/devkitPro/libctru/lib/libctru.a(shaderProgram.o)
                0x0011bdd0                shaderProgramInit
 .text.shaderProgramFree
                0x0011bde8       0x2c /usr/local/devkitPro/libctru/lib/libctru.a(shaderProgram.o)
                0x0011bde8                shaderProgramFree
 .text.shaderProgramSetVsh
                0x0011be14       0x6c /usr/local/devkitPro/libctru/lib/libctru.a(shaderProgram.o)
                0x0011be14                shaderProgramSetVsh
 .text.shaderProgramConfigure
                0x0011be80      0x894 /usr/local/devkitPro/libctru/lib/libctru.a(shaderProgram.o)
                0x0011be80                shaderProgramConfigure
 .text.ptmSysmInit
                0x0011c714       0x70 /usr/local/devkitPro/libctru/lib/libctru.a(ptmsysm.o)
                0x0011c714                ptmSysmInit
 .text.ptmSysmExit
                0x0011c784       0x34 /usr/local/devkitPro/libctru/lib/libctru.a(ptmsysm.o)
                0x0011c784                ptmSysmExit
 .text.PTMSYSM_ConfigureNew3DSCPU
                0x0011c7b8       0x34 /usr/local/devkitPro/libctru/lib/libctru.a(ptmsysm.o)
                0x0011c7b8                PTMSYSM_ConfigureNew3DSCPU
 .text.hidExit  0x0011c7ec       0xd0 /usr/local/devkitPro/libctru/lib/libctru.a(hid.o)
                0x0011c7ec                hidExit
 .text.hidScanInput
                0x0011c8bc      0x234 /usr/local/devkitPro/libctru/lib/libctru.a(hid.o)
                0x0011c8bc                hidScanInput
 .text.hidKeysDown
                0x0011caf0       0x10 /usr/local/devkitPro/libctru/lib/libctru.a(hid.o)
                0x0011caf0                hidKeysDown
 .text.HIDUSER_GetHandles
                0x0011cb00       0x90 /usr/local/devkitPro/libctru/lib/libctru.a(hid.o)
                0x0011cb00                HIDUSER_GetHandles
 .text.hidInit  0x0011cb90      0x18c /usr/local/devkitPro/libctru/lib/libctru.a(hid.o)
                0x0011cb90                hidInit
 .text._aptDebug
                0x0011cd1c        0x4 /usr/local/devkitPro/libctru/lib/libctru.a(apt.o)
                0x0011cd1c                _aptDebug
 .text.aptSendCommand
                0x0011cd20      0x130 /usr/local/devkitPro/libctru/lib/libctru.a(apt.o)
                0x0011cd20                aptSendCommand
 .text.aptExitProcess
                0x0011ce50       0x3c /usr/local/devkitPro/libctru/lib/libctru.a(apt.o)
 .text.aptHook  0x0011ce8c       0x38 /usr/local/devkitPro/libctru/lib/libctru.a(apt.o)
                0x0011ce8c                aptHook
 .text.aptUnhook
                0x0011cec4       0x2c /usr/local/devkitPro/libctru/lib/libctru.a(apt.o)
                0x0011cec4                aptUnhook
 .text.APT_InquireNotification
                0x0011cef0       0x4c /usr/local/devkitPro/libctru/lib/libctru.a(apt.o)
                0x0011cef0                APT_InquireNotification
 .text.aptEventHandler
                0x0011cf3c      0x19c /usr/local/devkitPro/libctru/lib/libctru.a(apt.o)
 .text.APT_AppletUtility
                0x0011d0d8       0x74 /usr/local/devkitPro/libctru/lib/libctru.a(apt.o)
                0x0011d0d8                APT_AppletUtility
 .text.aptSetSleepAllowed
                0x0011d14c       0xb4 /usr/local/devkitPro/libctru/lib/libctru.a(apt.o)
                0x0011d14c                aptSetSleepAllowed
 .text.APT_GlanceParameter
                0x0011d200       0xb4 /usr/local/devkitPro/libctru/lib/libctru.a(apt.o)
                0x0011d200                APT_GlanceParameter
 .text.APT_ReceiveParameter
                0x0011d2b4       0xc0 /usr/local/devkitPro/libctru/lib/libctru.a(apt.o)
                0x0011d2b4                APT_ReceiveParameter
 .text.aptReceiveParameter.constprop.1
                0x0011d374       0xa8 /usr/local/devkitPro/libctru/lib/libctru.a(apt.o)
 *fill*         0x0011d41c        0x4 
 .text.aptScreenTransfer
                0x0011d420      0x1ec /usr/local/devkitPro/libctru/lib/libctru.a(apt.o)
 .text.aptWaitForWakeUp
                0x0011d60c      0x228 /usr/local/devkitPro/libctru/lib/libctru.a(apt.o)
 .text.APT_CancelParameter
                0x0011d834       0x70 /usr/local/devkitPro/libctru/lib/libctru.a(apt.o)
                0x0011d834                APT_CancelParameter
 .text.aptInit  0x0011d8a4      0x230 /usr/local/devkitPro/libctru/lib/libctru.a(apt.o)
                0x0011d8a4                aptInit
 .text.aptClearParamQueue
                0x0011dad4       0x8c /usr/local/devkitPro/libctru/lib/libctru.a(apt.o)
 .text.aptMainLoop
                0x0011db60      0x214 /usr/local/devkitPro/libctru/lib/libctru.a(apt.o)
                0x0011db60                aptMainLoop
 .text.aptExit  0x0011dd74      0x148 /usr/local/devkitPro/libctru/lib/libctru.a(apt.o)
                0x0011dd74                aptExit
 .text.APT_CheckNew3DS
                0x0011debc       0x70 /usr/local/devkitPro/libctru/lib/libctru.a(apt.o)
                0x0011debc                APT_CheckNew3DS
 .text.gspEventThreadMain
                0x0011df2c      0x160 /usr/local/devkitPro/libctru/lib/libctru.a(gspgpu.o)
 .text.gspInit  0x0011e08c       0x74 /usr/local/devkitPro/libctru/lib/libctru.a(gspgpu.o)
                0x0011e08c                gspInit
 .text.gspExit  0x0011e100       0x3c /usr/local/devkitPro/libctru/lib/libctru.a(gspgpu.o)
                0x0011e100                gspExit
 .text.gspSetEventCallback
                0x0011e13c       0x2c /usr/local/devkitPro/libctru/lib/libctru.a(gspgpu.o)
                0x0011e13c                gspSetEventCallback
 .text.gspInitEventHandler
                0x0011e168       0x88 /usr/local/devkitPro/libctru/lib/libctru.a(gspgpu.o)
                0x0011e168                gspInitEventHandler
 .text.gspExitEventHandler
                0x0011e1f0       0x30 /usr/local/devkitPro/libctru/lib/libctru.a(gspgpu.o)
                0x0011e1f0                gspExitEventHandler
 .text.gspWaitForEvent
                0x0011e220       0x44 /usr/local/devkitPro/libctru/lib/libctru.a(gspgpu.o)
                0x0011e220                gspWaitForEvent
 .text.gspWaitForAnyEvent
                0x0011e264       0x6c /usr/local/devkitPro/libctru/lib/libctru.a(gspgpu.o)
                0x0011e264                gspWaitForAnyEvent
 .text.gspSubmitGxCommand
                0x0011e2d0      0x124 /usr/local/devkitPro/libctru/lib/libctru.a(gspgpu.o)
                0x0011e2d0                gspSubmitGxCommand
 .text.GSPGPU_SetBufferSwap
                0x0011e3f4       0x6c /usr/local/devkitPro/libctru/lib/libctru.a(gspgpu.o)
                0x0011e3f4                GSPGPU_SetBufferSwap
 .text.GSPGPU_SetLcdForceBlack
                0x0011e460       0x34 /usr/local/devkitPro/libctru/lib/libctru.a(gspgpu.o)
                0x0011e460                GSPGPU_SetLcdForceBlack
 .text.GSPGPU_RegisterInterruptRelayQueue
                0x0011e494       0x64 /usr/local/devkitPro/libctru/lib/libctru.a(gspgpu.o)
                0x0011e494                GSPGPU_RegisterInterruptRelayQueue
 .text.GSPGPU_UnregisterInterruptRelayQueue
                0x0011e4f8       0x2c /usr/local/devkitPro/libctru/lib/libctru.a(gspgpu.o)
                0x0011e4f8                GSPGPU_UnregisterInterruptRelayQueue
 .text.GSPGPU_AcquireRight
                0x0011e524       0x48 /usr/local/devkitPro/libctru/lib/libctru.a(gspgpu.o)
                0x0011e524                GSPGPU_AcquireRight
 .text.GSPGPU_ReleaseRight
                0x0011e56c       0x2c /usr/local/devkitPro/libctru/lib/libctru.a(gspgpu.o)
                0x0011e56c                GSPGPU_ReleaseRight
 .text.GSPGPU_ImportDisplayCaptureInfo
                0x0011e598       0x80 /usr/local/devkitPro/libctru/lib/libctru.a(gspgpu.o)
                0x0011e598                GSPGPU_ImportDisplayCaptureInfo
 .text.GSPGPU_SaveVramSysArea
                0x0011e618       0x2c /usr/local/devkitPro/libctru/lib/libctru.a(gspgpu.o)
                0x0011e618                GSPGPU_SaveVramSysArea
 .text.GSPGPU_RestoreVramSysArea
                0x0011e644       0x2c /usr/local/devkitPro/libctru/lib/libctru.a(gspgpu.o)
                0x0011e644                GSPGPU_RestoreVramSysArea
 .text.irrstScanInput
                0x0011e670       0xb0 /usr/local/devkitPro/libctru/lib/libctru.a(irrst.o)
                0x0011e670                irrstScanInput
 .text.irrstKeysHeld
                0x0011e720       0x1c /usr/local/devkitPro/libctru/lib/libctru.a(irrst.o)
                0x0011e720                irrstKeysHeld
 .text.IRRST_GetHandles
                0x0011e73c       0x50 /usr/local/devkitPro/libctru/lib/libctru.a(irrst.o)
                0x0011e73c                IRRST_GetHandles
 .text.irrstInit
                0x0011e78c      0x150 /usr/local/devkitPro/libctru/lib/libctru.a(irrst.o)
                0x0011e78c                irrstInit
 .text.IRRST_Shutdown
                0x0011e8dc       0x2c /usr/local/devkitPro/libctru/lib/libctru.a(irrst.o)
                0x0011e8dc                IRRST_Shutdown
 .text.irrstExit
                0x0011e908       0xac /usr/local/devkitPro/libctru/lib/libctru.a(irrst.o)
                0x0011e908                irrstExit
 .text.rbtree_find
                0x0011e9b4       0x70 /usr/local/devkitPro/libctru/lib/libctru.a(rbtree_find.o)
                0x0011e9b4                rbtree_find
 .text.rbtree_remove
                0x0011ea24      0x324 /usr/local/devkitPro/libctru/lib/libctru.a(rbtree_remove.o)
                0x0011ea24                rbtree_remove
 .text.rbtree_node_next
                0x0011ed48       0x74 /usr/local/devkitPro/libctru/lib/libctru.a(rbtree_iterator.o)
                0x0011ed48                rbtree_node_next
 .text.rbtree_rotate
                0x0011edbc       0x94 /usr/local/devkitPro/libctru/lib/libctru.a(rbtree_rotate.o)
                0x0011edbc                rbtree_rotate
 .text.do_insert
                0x0011ee50      0x18c /usr/local/devkitPro/libctru/lib/libctru.a(rbtree_insert.o)
 .text.rbtree_insert
                0x0011efdc        0x8 /usr/local/devkitPro/libctru/lib/libctru.a(rbtree_insert.o)
                0x0011efdc                rbtree_insert
 .text.rbtree_init
                0x0011efe4       0x14 /usr/local/devkitPro/libctru/lib/libctru.a(rbtree_init.o)
                0x0011efe4                rbtree_init
 .text.__system_initArgv
                0x0011eff8       0xe8 /usr/local/devkitPro/libctru/lib/libctru.a(initArgv.o)
                0x0011eff8                __system_initArgv
 .text.osGetMemRegionSize
                0x0011f0e0       0x58 /usr/local/devkitPro/libctru/lib/libctru.a(allocateHeaps.o)
 .text.__system_allocateHeaps
                0x0011f138      0x104 /usr/local/devkitPro/libctru/lib/libctru.a(allocateHeaps.o)
                0x0011f138                __system_allocateHeaps
 .text.__libctru_init
                0x0011f23c       0x38 /usr/local/devkitPro/libctru/lib/libctru.a(initSystem.o)
                0x0011f23c                __libctru_init
 .text.svcControlMemory
                0x0011f274       0x20 /usr/local/devkitPro/libctru/lib/libctru.a(svc.o)
                0x0011f274                svcControlMemory
 .text.svcExitProcess
                0x0011f294        0x8 /usr/local/devkitPro/libctru/lib/libctru.a(svc.o)
                0x0011f294                svcExitProcess
 .text.svcCreateThread
                0x0011f29c       0x20 /usr/local/devkitPro/libctru/lib/libctru.a(svc.o)
                0x0011f29c                svcCreateThread
 .text.svcExitThread
                0x0011f2bc        0x8 /usr/local/devkitPro/libctru/lib/libctru.a(svc.o)
                0x0011f2bc                svcExitThread
 .text.svcSleepThread
                0x0011f2c4        0x8 /usr/local/devkitPro/libctru/lib/libctru.a(svc.o)
                0x0011f2c4                svcSleepThread
 .text.svcReleaseMutex
                0x0011f2cc        0x8 /usr/local/devkitPro/libctru/lib/libctru.a(svc.o)
                0x0011f2cc                svcReleaseMutex
 .text.svcCreateEvent
                0x0011f2d4       0x14 /usr/local/devkitPro/libctru/lib/libctru.a(svc.o)
                0x0011f2d4                svcCreateEvent
 .text.svcSignalEvent
                0x0011f2e8        0x8 /usr/local/devkitPro/libctru/lib/libctru.a(svc.o)
                0x0011f2e8                svcSignalEvent
 .text.svcClearEvent
                0x0011f2f0        0x8 /usr/local/devkitPro/libctru/lib/libctru.a(svc.o)
                0x0011f2f0                svcClearEvent
 .text.svcMapMemoryBlock
                0x0011f2f8        0x8 /usr/local/devkitPro/libctru/lib/libctru.a(svc.o)
                0x0011f2f8                svcMapMemoryBlock
 .text.svcUnmapMemoryBlock
                0x0011f300        0x8 /usr/local/devkitPro/libctru/lib/libctru.a(svc.o)
                0x0011f300                svcUnmapMemoryBlock
 .text.svcCreateAddressArbiter
                0x0011f308       0x14 /usr/local/devkitPro/libctru/lib/libctru.a(svc.o)
                0x0011f308                svcCreateAddressArbiter
 .text.svcArbitrateAddress
                0x0011f31c       0x18 /usr/local/devkitPro/libctru/lib/libctru.a(svc.o)
                0x0011f31c                svcArbitrateAddress
 .text.svcCloseHandle
                0x0011f334        0x8 /usr/local/devkitPro/libctru/lib/libctru.a(svc.o)
                0x0011f334                svcCloseHandle
 .text.svcWaitSynchronization
                0x0011f33c        0x8 /usr/local/devkitPro/libctru/lib/libctru.a(svc.o)
                0x0011f33c                svcWaitSynchronization
 .text.svcWaitSynchronizationN
                0x0011f344       0x28 /usr/local/devkitPro/libctru/lib/libctru.a(svc.o)
                0x0011f344                svcWaitSynchronizationN
 .text.svcDuplicateHandle
                0x0011f36c       0x14 /usr/local/devkitPro/libctru/lib/libctru.a(svc.o)
                0x0011f36c                svcDuplicateHandle
 .text.svcGetSystemTick
                0x0011f380        0x8 /usr/local/devkitPro/libctru/lib/libctru.a(svc.o)
                0x0011f380                svcGetSystemTick
 .text.svcGetSystemInfo
                0x0011f388       0x18 /usr/local/devkitPro/libctru/lib/libctru.a(svc.o)
                0x0011f388                svcGetSystemInfo
 .text.svcConnectToPort
                0x0011f3a0       0x14 /usr/local/devkitPro/libctru/lib/libctru.a(svc.o)
                0x0011f3a0                svcConnectToPort
 .text.svcSendSyncRequest
                0x0011f3b4        0x8 /usr/local/devkitPro/libctru/lib/libctru.a(svc.o)
                0x0011f3b4                svcSendSyncRequest
 .text.svcBreak
                0x0011f3bc        0x8 /usr/local/devkitPro/libctru/lib/libctru.a(svc.o)
                0x0011f3bc                svcBreak
 .text._ZN7MemPool13CoalesceRightEP8MemBlock
                0x0011f3c4       0x98 /usr/local/devkitPro/libctru/lib/libctru.a(mem_pool.o)
                0x0011f3c4                MemPool::CoalesceRight(MemBlock*)
 .text._ZN7MemPool8AllocateER8MemChunkmi
                0x0011f45c      0x178 /usr/local/devkitPro/libctru/lib/libctru.a(mem_pool.o)
                0x0011f45c                MemPool::Allocate(MemChunk&, unsigned long, int)
 .text._ZN7MemPool10DeallocateERK8MemChunk
                0x0011f5d4      0x100 /usr/local/devkitPro/libctru/lib/libctru.a(mem_pool.o)
                0x0011f5d4                MemPool::Deallocate(MemChunk const&)
 .text._ZL21addrMapNodeComparatorPK11rbtree_nodeS1_
                0x0011f6d4       0x24 /usr/local/devkitPro/libctru/lib/libctru.a(mappable.o)
 .text._ZL21addrMapNodeDestructorP11rbtree_node
                0x0011f6f8        0x4 /usr/local/devkitPro/libctru/lib/libctru.a(mappable.o)
 .text.mappableAlloc
                0x0011f6fc       0xf4 /usr/local/devkitPro/libctru/lib/libctru.a(mappable.o)
                0x0011f6fc                mappableAlloc
 .text.mappableFree
                0x0011f7f0       0x50 /usr/local/devkitPro/libctru/lib/libctru.a(mappable.o)
                0x0011f7f0                mappableFree
 .text.threadCreate
                0x0011f840      0x1bc /usr/local/devkitPro/libctru/lib/libctru.a(thread.o)
                0x0011f840                threadCreate
 .text.threadJoin
                0x0011f9fc       0x24 /usr/local/devkitPro/libctru/lib/libctru.a(thread.o)
                0x0011f9fc                threadJoin
 .text.threadExit
                0x0011fa20       0x70 /usr/local/devkitPro/libctru/lib/libctru.a(thread.o)
                0x0011fa20                threadExit
 .text._thread_begin
                0x0011fa90       0x40 /usr/local/devkitPro/libctru/lib/libctru.a(thread.o)
 .text.LightLock_Unlock.part.1
                0x0011fad0       0x34 /usr/local/devkitPro/libctru/lib/libctru.a(synchronization.o)
 .text.__sync_init
                0x0011fb04        0xc /usr/local/devkitPro/libctru/lib/libctru.a(synchronization.o)
                0x0011fb04                __sync_init
 .text.__sync_fini
                0x0011fb10       0x18 /usr/local/devkitPro/libctru/lib/libctru.a(synchronization.o)
                0x0011fb10                __sync_fini
 .text.__sync_get_arbiter
                0x0011fb28       0x10 /usr/local/devkitPro/libctru/lib/libctru.a(synchronization.o)
                0x0011fb28                __sync_get_arbiter
 .text.LightLock_Init
                0x0011fb38       0x18 /usr/local/devkitPro/libctru/lib/libctru.a(synchronization.o)
                0x0011fb38                LightLock_Init
 .text.LightLock_Lock
                0x0011fb50       0xa0 /usr/local/devkitPro/libctru/lib/libctru.a(synchronization.o)
                0x0011fb50                LightLock_Lock
 .text.LightLock_TryLock
                0x0011fbf0       0x34 /usr/local/devkitPro/libctru/lib/libctru.a(synchronization.o)
                0x0011fbf0                LightLock_TryLock
 .text.LightLock_Unlock
                0x0011fc24       0x20 /usr/local/devkitPro/libctru/lib/libctru.a(synchronization.o)
                0x0011fc24                LightLock_Unlock
 .text.RecursiveLock_Init
                0x0011fc44       0x24 /usr/local/devkitPro/libctru/lib/libctru.a(synchronization.o)
                0x0011fc44                RecursiveLock_Init
 .text.RecursiveLock_Lock
                0x0011fc68       0x30 /usr/local/devkitPro/libctru/lib/libctru.a(synchronization.o)
                0x0011fc68                RecursiveLock_Lock
 .text.RecursiveLock_TryLock
                0x0011fc98       0x58 /usr/local/devkitPro/libctru/lib/libctru.a(synchronization.o)
                0x0011fc98                RecursiveLock_TryLock
 .text.RecursiveLock_Unlock
                0x0011fcf0       0x38 /usr/local/devkitPro/libctru/lib/libctru.a(synchronization.o)
                0x0011fcf0                RecursiveLock_Unlock
 .text.LightEvent_Init
                0x0011fd28       0x38 /usr/local/devkitPro/libctru/lib/libctru.a(synchronization.o)
                0x0011fd28                LightEvent_Init
 .text.LightEvent_Clear
                0x0011fd60       0x7c /usr/local/devkitPro/libctru/lib/libctru.a(synchronization.o)
                0x0011fd60                LightEvent_Clear
 .text.LightEvent_Signal
                0x0011fddc       0xdc /usr/local/devkitPro/libctru/lib/libctru.a(synchronization.o)
                0x0011fddc                LightEvent_Signal
 .text.LightEvent_Wait
                0x0011feb8       0xd0 /usr/local/devkitPro/libctru/lib/libctru.a(synchronization.o)
                0x0011feb8                LightEvent_Wait
 .text.__libctru_exit
                0x0011ff88       0xa4 /usr/local/devkitPro/libctru/lib/libctru.a(ctru_exit.o)
                0x0011ff88                __libctru_exit
 .text.__appExit
                0x0012002c       0x1c /usr/local/devkitPro/libctru/lib/libctru.a(appExit.o)
                0x0012002c                __appExit
 .text.__ctru_get_reent
                0x00120048       0x30 /usr/local/devkitPro/libctru/lib/libctru.a(syscalls.o)
 .text.__system_initSyscalls
                0x00120078       0xe4 /usr/local/devkitPro/libctru/lib/libctru.a(syscalls.o)
                0x00120078                __system_initSyscalls
 .text.__appInit
                0x0012015c       0x1c /usr/local/devkitPro/libctru/lib/libctru.a(appInit.o)
                0x0012015c                __appInit
 .text.sdmc_link
                0x00120178       0x10 /usr/local/devkitPro/libctru/lib/libctru.a(sdmc_dev.o)
 .text.sdmc_dirreset
                0x00120188       0x10 /usr/local/devkitPro/libctru/lib/libctru.a(sdmc_dev.o)
 .text.sdmc_fchmod
                0x00120198       0x10 /usr/local/devkitPro/libctru/lib/libctru.a(sdmc_dev.o)
 .text.error_cmp
                0x001201a8       0x24 /usr/local/devkitPro/libctru/lib/libctru.a(sdmc_dev.o)
 .text.sdmc_translate_error
                0x001201cc       0x50 /usr/local/devkitPro/libctru/lib/libctru.a(sdmc_dev.o)
 .text.sdmc_fsync
                0x0012021c       0x34 /usr/local/devkitPro/libctru/lib/libctru.a(sdmc_dev.o)
 .text.sdmc_ftruncate
                0x00120250       0x54 /usr/local/devkitPro/libctru/lib/libctru.a(sdmc_dev.o)
 .text.sdmc_statvfs
                0x001202a4       0xb8 /usr/local/devkitPro/libctru/lib/libctru.a(sdmc_dev.o)
 .text.sdmc_dirclose
                0x0012035c       0x38 /usr/local/devkitPro/libctru/lib/libctru.a(sdmc_dev.o)
 .text.sdmc_dirnext
                0x00120394      0x138 /usr/local/devkitPro/libctru/lib/libctru.a(sdmc_dev.o)
 .text.sdmc_close
                0x001204cc       0x34 /usr/local/devkitPro/libctru/lib/libctru.a(sdmc_dev.o)
 .text.sdmc_fstat
                0x00120500       0x74 /usr/local/devkitPro/libctru/lib/libctru.a(sdmc_dev.o)
 .text.sdmc_seek
                0x00120574       0xd8 /usr/local/devkitPro/libctru/lib/libctru.a(sdmc_dev.o)
 .text.sdmc_read
                0x0012064c       0x84 /usr/local/devkitPro/libctru/lib/libctru.a(sdmc_dev.o)
 .text.sdmc_write
                0x001206d0       0xb8 /usr/local/devkitPro/libctru/lib/libctru.a(sdmc_dev.o)
 .text.sdmc_utf16path
                0x00120788      0x1b4 /usr/local/devkitPro/libctru/lib/libctru.a(sdmc_dev.o)
 .text.sdmc_rmdir
                0x0012093c       0x74 /usr/local/devkitPro/libctru/lib/libctru.a(sdmc_dev.o)
 .text.sdmc_diropen
                0x001209b0       0xa4 /usr/local/devkitPro/libctru/lib/libctru.a(sdmc_dev.o)
 .text.sdmc_chdir
                0x00120a54       0xa0 /usr/local/devkitPro/libctru/lib/libctru.a(sdmc_dev.o)
 .text.sdmc_mkdir
                0x00120af4       0x98 /usr/local/devkitPro/libctru/lib/libctru.a(sdmc_dev.o)
 .text.sdmc_rename
                0x00120b8c      0x108 /usr/local/devkitPro/libctru/lib/libctru.a(sdmc_dev.o)
 .text.sdmc_unlink
                0x00120c94       0x74 /usr/local/devkitPro/libctru/lib/libctru.a(sdmc_dev.o)
 .text.sdmc_stat
                0x00120d08      0x108 /usr/local/devkitPro/libctru/lib/libctru.a(sdmc_dev.o)
 .text.sdmc_open
                0x00120e10      0x188 /usr/local/devkitPro/libctru/lib/libctru.a(sdmc_dev.o)
 .text.sdmc_chmod
                0x00120f98       0x10 /usr/local/devkitPro/libctru/lib/libctru.a(sdmc_dev.o)
 .text.sdmcInit
                0x00120fa8      0x15c /usr/local/devkitPro/libctru/lib/libctru.a(sdmc_dev.o)
                0x00120fa8                sdmcInit
 .text.sdmcExit
                0x00121104       0x58 /usr/local/devkitPro/libctru/lib/libctru.a(sdmc_dev.o)
                0x00121104                sdmcExit
 .text.fsSessionForArchive.part.0
                0x0012115c       0x28 /usr/local/devkitPro/libctru/lib/libctru.a(fs.o)
 .text.fsInit   0x00121184       0xc8 /usr/local/devkitPro/libctru/lib/libctru.a(fs.o)
                0x00121184                fsInit
 .text.fsExit   0x0012124c       0x38 /usr/local/devkitPro/libctru/lib/libctru.a(fs.o)
                0x0012124c                fsExit
 .text.fsExemptFromSession
                0x00121284       0xa0 /usr/local/devkitPro/libctru/lib/libctru.a(fs.o)
                0x00121284                fsExemptFromSession
 .text.fsUnexemptFromSession
                0x00121324       0x54 /usr/local/devkitPro/libctru/lib/libctru.a(fs.o)
                0x00121324                fsUnexemptFromSession
 .text.FSUSER_OpenFile
                0x00121378       0xbc /usr/local/devkitPro/libctru/lib/libctru.a(fs.o)
                0x00121378                FSUSER_OpenFile
 .text.FSUSER_DeleteFile
                0x00121434       0xa4 /usr/local/devkitPro/libctru/lib/libctru.a(fs.o)
                0x00121434                FSUSER_DeleteFile
 .text.FSUSER_RenameFile
                0x001214d8       0xe0 /usr/local/devkitPro/libctru/lib/libctru.a(fs.o)
                0x001214d8                FSUSER_RenameFile
 .text.FSUSER_DeleteDirectory
                0x001215b8       0xa4 /usr/local/devkitPro/libctru/lib/libctru.a(fs.o)
                0x001215b8                FSUSER_DeleteDirectory
 .text.FSUSER_CreateFile
                0x0012165c       0xbc /usr/local/devkitPro/libctru/lib/libctru.a(fs.o)
                0x0012165c                FSUSER_CreateFile
 .text.FSUSER_CreateDirectory
                0x00121718       0xac /usr/local/devkitPro/libctru/lib/libctru.a(fs.o)
                0x00121718                FSUSER_CreateDirectory
 .text.FSUSER_RenameDirectory
                0x001217c4       0xe0 /usr/local/devkitPro/libctru/lib/libctru.a(fs.o)
                0x001217c4                FSUSER_RenameDirectory
 .text.FSUSER_OpenDirectory
                0x001218a4       0xa4 /usr/local/devkitPro/libctru/lib/libctru.a(fs.o)
                0x001218a4                FSUSER_OpenDirectory
 .text.FSUSER_OpenArchive
                0x00121948       0x98 /usr/local/devkitPro/libctru/lib/libctru.a(fs.o)
                0x00121948                FSUSER_OpenArchive
 .text.FSUSER_CloseArchive
                0x001219e0       0x74 /usr/local/devkitPro/libctru/lib/libctru.a(fs.o)
                0x001219e0                FSUSER_CloseArchive
 .text.FSUSER_GetSdmcArchiveResource
                0x00121a54       0x78 /usr/local/devkitPro/libctru/lib/libctru.a(fs.o)
                0x00121a54                FSUSER_GetSdmcArchiveResource
 .text.FSUSER_IsSdmcWritable
                0x00121acc       0x64 /usr/local/devkitPro/libctru/lib/libctru.a(fs.o)
                0x00121acc                FSUSER_IsSdmcWritable
 .text.FSFILE_Read
                0x00121b30       0x5c /usr/local/devkitPro/libctru/lib/libctru.a(fs.o)
                0x00121b30                FSFILE_Read
 .text.FSFILE_Write
                0x00121b8c       0x64 /usr/local/devkitPro/libctru/lib/libctru.a(fs.o)
                0x00121b8c                FSFILE_Write
 .text.FSFILE_GetSize
                0x00121bf0       0x3c /usr/local/devkitPro/libctru/lib/libctru.a(fs.o)
                0x00121bf0                FSFILE_GetSize
 .text.FSFILE_SetSize
                0x00121c2c       0x2c /usr/local/devkitPro/libctru/lib/libctru.a(fs.o)
                0x00121c2c                FSFILE_SetSize
 .text.FSFILE_Close
                0x00121c58       0x3c /usr/local/devkitPro/libctru/lib/libctru.a(fs.o)
                0x00121c58                FSFILE_Close
 .text.FSFILE_Flush
                0x00121c94       0x24 /usr/local/devkitPro/libctru/lib/libctru.a(fs.o)
                0x00121c94                FSFILE_Flush
 .text.FSDIR_Read
                0x00121cb8       0x54 /usr/local/devkitPro/libctru/lib/libctru.a(fs.o)
                0x00121cb8                FSDIR_Read
 .text.FSDIR_Close
                0x00121d0c       0x3c /usr/local/devkitPro/libctru/lib/libctru.a(fs.o)
                0x00121d0c                FSDIR_Close
 .text.utf8_to_utf16
                0x00121d48       0xc0 /usr/local/devkitPro/libctru/lib/libctru.a(utf8_to_utf16.o)
                0x00121d48                utf8_to_utf16
 .text.decode_utf8
                0x00121e08      0x138 /usr/local/devkitPro/libctru/lib/libctru.a(decode_utf8.o)
                0x00121e08                decode_utf8
 .text.utf16_to_utf8
                0x00121f40       0xe8 /usr/local/devkitPro/libctru/lib/libctru.a(utf16_to_utf8.o)
                0x00121f40                utf16_to_utf8
 .text.encode_utf8
                0x00122028      0x104 /usr/local/devkitPro/libctru/lib/libctru.a(encode_utf8.o)
                0x00122028                encode_utf8
 .text.encode_utf16
                0x0012212c       0x68 /usr/local/devkitPro/libctru/lib/libctru.a(encode_utf16.o)
                0x0012212c                encode_utf16
 .text.__aeabi_read_tp
                0x00122194        0xc /usr/local/devkitPro/libctru/lib/libctru.a(readtp.o)
                0x00122194                __aeabi_read_tp
 .text.decode_utf16
                0x001221a0       0x60 /usr/local/devkitPro/libctru/lib/libctru.a(decode_utf16.o)
                0x001221a0                decode_utf16
 .text.floor    0x00122200      0x184 /opt/devkitpro/devkitARM/lib/gcc/arm-none-eabi/6.3.0/../../../../arm-none-eabi/lib/armv6k/fpu/libm.a(lib_a-s_floor.o)
                0x00122200                floor
 *fill*         0x00122384        0x4 
 .text.frexp    0x00122388       0x9c /opt/devkitpro/devkitARM/lib/gcc/arm-none-eabi/6.3.0/../../../../arm-none-eabi/lib/armv6k/fpu/libm.a(lib_a-s_frexp.o)
                0x00122388                frexp
 *fill*         0x00122424        0x4 
 .text.pow      0x00122428      0x398 /opt/devkitpro/devkitARM/lib/gcc/arm-none-eabi/6.3.0/../../../../arm-none-eabi/lib/armv6k/fpu/libm.a(lib_a-w_pow.o)
                0x00122428                pow
 .text.__ieee754_pow
                0x001227c0      0x8bc /opt/devkitpro/devkitARM/lib/gcc/arm-none-eabi/6.3.0/../../../../arm-none-eabi/lib/armv6k/fpu/libm.a(lib_a-e_pow.o)
                0x001227c0                __ieee754_pow
 .text.__ieee754_sqrt
                0x0012307c      0x214 /opt/devkitpro/devkitARM/lib/gcc/arm-none-eabi/6.3.0/../../../../arm-none-eabi/lib/armv6k/fpu/libm.a(lib_a-e_sqrt.o)
                0x0012307c                __ieee754_sqrt
 .text.fabs     0x00123290       0x10 /opt/devkitpro/devkitARM/lib/gcc/arm-none-eabi/6.3.0/../../../../arm-none-eabi/lib/armv6k/fpu/libm.a(lib_a-s_fabs.o)
                0x00123290                fabs
 .text.finite   0x001232a0       0x14 /opt/devkitpro/devkitARM/lib/gcc/arm-none-eabi/6.3.0/../../../../arm-none-eabi/lib/armv6k/fpu/libm.a(lib_a-s_finite.o)
                0x001232a0                finite
 .text.matherr  0x001232b4        0x8 /opt/devkitpro/devkitARM/lib/gcc/arm-none-eabi/6.3.0/../../../../arm-none-eabi/lib/armv6k/fpu/libm.a(lib_a-s_matherr.o)
                0x001232b4                matherr
 *fill*         0x001232bc        0x4 
 .text.nan      0x001232c0       0x10 /opt/devkitpro/devkitARM/lib/gcc/arm-none-eabi/6.3.0/../../../../arm-none-eabi/lib/armv6k/fpu/libm.a(lib_a-s_nan.o)
                0x001232c0                nan
 .text.rint     0x001232d0      0x178 /opt/devkitpro/devkitARM/lib/gcc/arm-none-eabi/6.3.0/../../../../arm-none-eabi/lib/armv6k/fpu/libm.a(lib_a-s_rint.o)
                0x001232d0                rint
 .text.scalbn   0x00123448      0x170 /opt/devkitpro/devkitARM/lib/gcc/arm-none-eabi/6.3.0/../../../../arm-none-eabi/lib/armv6k/fpu/libm.a(lib_a-s_scalbn.o)
                0x00123448                scalbn
 .text.copysign
                0x001235b8       0x1c /opt/devkitpro/devkitARM/lib/gcc/arm-none-eabi/6.3.0/../../../../arm-none-eabi/lib/armv6k/fpu/libm.a(lib_a-s_copysign.o)
                0x001235b8                copysign
 .text.__udivmoddi4
                0x001235d4      0x128 /opt/devkitpro/devkitARM/lib/gcc/arm-none-eabi/6.3.0/armv6k/fpu/libgcc.a(_udivmoddi4.o)
                0x001235d4                __udivmoddi4
 .text.abort    0x001236fc       0x14 /opt/devkitpro/devkitARM/lib/gcc/arm-none-eabi/6.3.0/../../../../arm-none-eabi/lib/armv6k/fpu/libg.a(lib_a-abort.o)
                0x001236fc                abort
 .text.bsearch  0x00123710       0x74 /opt/devkitpro/devkitARM/lib/gcc/arm-none-eabi/6.3.0/../../../../arm-none-eabi/lib/armv6k/fpu/libg.a(lib_a-bsearch.o)
                0x00123710                bsearch
 .text.calloc   0x00123784       0x20 /opt/devkitpro/devkitARM/lib/gcc/arm-none-eabi/6.3.0/../../../../arm-none-eabi/lib/armv6k/fpu/libg.a(lib_a-calloc.o)
                0x00123784                calloc
 .text._calloc_r
                0x001237a4       0x90 /opt/devkitpro/devkitARM/lib/gcc/arm-none-eabi/6.3.0/../../../../arm-none-eabi/lib/armv6k/fpu/libg.a(lib_a-callocr.o)
                0x001237a4                _calloc_r
 .text.__errno  0x00123834        0xc /opt/devkitpro/devkitARM/lib/gcc/arm-none-eabi/6.3.0/../../../../arm-none-eabi/lib/armv6k/fpu/libg.a(lib_a-errno.o)
                0x00123834                __errno
 .text._fclose_r
                0x00123840      0x154 /opt/devkitpro/devkitARM/lib/gcc/arm-none-eabi/6.3.0/../../../../arm-none-eabi/lib/armv6k/fpu/libg.a(lib_a-fclose.o)
                0x00123840                _fclose_r
 .text.__sflush_r
                0x00123994      0x254 /opt/devkitpro/devkitARM/lib/gcc/arm-none-eabi/6.3.0/../../../../arm-none-eabi/lib/armv6k/fpu/libg.a(lib_a-fflush.o)
                0x00123994                __sflush_r
 .text._fflush_r
                0x00123be8       0x94 /opt/devkitpro/devkitARM/lib/gcc/arm-none-eabi/6.3.0/../../../../arm-none-eabi/lib/armv6k/fpu/libg.a(lib_a-fflush.o)
                0x00123be8                _fflush_r
 .text.fflush   0x00123c7c       0x38 /opt/devkitpro/devkitARM/lib/gcc/arm-none-eabi/6.3.0/../../../../arm-none-eabi/lib/armv6k/fpu/libg.a(lib_a-fflush.o)
                0x00123c7c                fflush
 .text._cleanup_r
                0x00123cb4        0xc /opt/devkitpro/devkitARM/lib/gcc/arm-none-eabi/6.3.0/../../../../arm-none-eabi/lib/armv6k/fpu/libg.a(lib_a-findfp.o)
                0x00123cb4                _cleanup_r
 .text.std.isra.0
                0x00123cc0       0x80 /opt/devkitpro/devkitARM/lib/gcc/arm-none-eabi/6.3.0/../../../../arm-none-eabi/lib/armv6k/fpu/libg.a(lib_a-findfp.o)
 .text.__sinit  0x00123d40       0x8c /opt/devkitpro/devkitARM/lib/gcc/arm-none-eabi/6.3.0/../../../../arm-none-eabi/lib/armv6k/fpu/libg.a(lib_a-findfp.o)
                0x00123d40                __sinit
 .text.__sfp_lock_acquire
                0x00123dcc        0xc /opt/devkitpro/devkitARM/lib/gcc/arm-none-eabi/6.3.0/../../../../arm-none-eabi/lib/armv6k/fpu/libg.a(lib_a-findfp.o)
                0x00123dcc                __sfp_lock_acquire
 .text.__sfp_lock_release
                0x00123dd8        0xc /opt/devkitpro/devkitARM/lib/gcc/arm-none-eabi/6.3.0/../../../../arm-none-eabi/lib/armv6k/fpu/libg.a(lib_a-findfp.o)
                0x00123dd8                __sfp_lock_release
 .text.__libc_fini_array
                0x00123de4       0x40 /opt/devkitpro/devkitARM/lib/gcc/arm-none-eabi/6.3.0/../../../../arm-none-eabi/lib/armv6k/fpu/libg.a(lib_a-fini.o)
                0x00123de4                __libc_fini_array
 .text.fprintf  0x00123e24       0x3c /opt/devkitpro/devkitARM/lib/gcc/arm-none-eabi/6.3.0/../../../../arm-none-eabi/lib/armv6k/fpu/libg.a(lib_a-fprintf.o)
                0x00123e24                fprintf
 .text.fputc    0x00123e60       0x94 /opt/devkitpro/devkitARM/lib/gcc/arm-none-eabi/6.3.0/../../../../arm-none-eabi/lib/armv6k/fpu/libg.a(lib_a-fputc.o)
                0x00123e60                fputc
 .text._fread_r
                0x00123ef4      0x2d4 /opt/devkitpro/devkitARM/lib/gcc/arm-none-eabi/6.3.0/../../../../arm-none-eabi/lib/armv6k/fpu/libg.a(lib_a-fread.o)
                0x00123ef4                _fread_r
 .text.fread    0x001241c8       0x38 /opt/devkitpro/devkitARM/lib/gcc/arm-none-eabi/6.3.0/../../../../arm-none-eabi/lib/armv6k/fpu/libg.a(lib_a-fread.o)
                0x001241c8                fread
 .text._malloc_trim_r
                0x00124200       0xf8 /opt/devkitpro/devkitARM/lib/gcc/arm-none-eabi/6.3.0/../../../../arm-none-eabi/lib/armv6k/fpu/libg.a(lib_a-freer.o)
                0x00124200                _malloc_trim_r
 .text._free_r  0x001242f8      0x2e4 /opt/devkitpro/devkitARM/lib/gcc/arm-none-eabi/6.3.0/../../../../arm-none-eabi/lib/armv6k/fpu/libg.a(lib_a-freer.o)
                0x001242f8                _free_r
 .text._fwalk   0x001245dc       0x78 /opt/devkitpro/devkitARM/lib/gcc/arm-none-eabi/6.3.0/../../../../arm-none-eabi/lib/armv6k/fpu/libg.a(lib_a-fwalk.o)
                0x001245dc                _fwalk
 .text._fwalk_reent
                0x00124654       0x80 /opt/devkitpro/devkitARM/lib/gcc/arm-none-eabi/6.3.0/../../../../arm-none-eabi/lib/armv6k/fpu/libg.a(lib_a-fwalk.o)
                0x00124654                _fwalk_reent
 .text.__libc_init_array
                0x001246d4       0x78 /opt/devkitpro/devkitARM/lib/gcc/arm-none-eabi/6.3.0/../../../../arm-none-eabi/lib/armv6k/fpu/libg.a(lib_a-init.o)
                0x001246d4                __libc_init_array
 .text.__swhatbuf_r
                0x0012474c       0x94 /opt/devkitpro/devkitARM/lib/gcc/arm-none-eabi/6.3.0/../../../../arm-none-eabi/lib/armv6k/fpu/libg.a(lib_a-makebuf.o)
                0x0012474c                __swhatbuf_r
 .text.__smakebuf_r
                0x001247e0       0xf4 /opt/devkitpro/devkitARM/lib/gcc/arm-none-eabi/6.3.0/../../../../arm-none-eabi/lib/armv6k/fpu/libg.a(lib_a-makebuf.o)
                0x001247e0                __smakebuf_r
 .text.memalign
                0x001248d4       0x20 /opt/devkitpro/devkitARM/lib/gcc/arm-none-eabi/6.3.0/../../../../arm-none-eabi/lib/armv6k/fpu/libg.a(lib_a-malign.o)
                0x001248d4                memalign
 .text._memalign_r
                0x001248f4      0x158 /opt/devkitpro/devkitARM/lib/gcc/arm-none-eabi/6.3.0/../../../../arm-none-eabi/lib/armv6k/fpu/libg.a(lib_a-malignr.o)
                0x001248f4                _memalign_r
 .text.malloc   0x00124a4c       0x18 /opt/devkitpro/devkitARM/lib/gcc/arm-none-eabi/6.3.0/../../../../arm-none-eabi/lib/armv6k/fpu/libg.a(lib_a-malloc.o)
                0x00124a4c                malloc
 .text.free     0x00124a64       0x18 /opt/devkitpro/devkitARM/lib/gcc/arm-none-eabi/6.3.0/../../../../arm-none-eabi/lib/armv6k/fpu/libg.a(lib_a-malloc.o)
                0x00124a64                free
 .text._malloc_r
                0x00124a7c      0x78c /opt/devkitpro/devkitARM/lib/gcc/arm-none-eabi/6.3.0/../../../../arm-none-eabi/lib/armv6k/fpu/libg.a(lib_a-mallocr.o)
                0x00124a7c                _malloc_r
 .text.memcmp   0x00125208       0xe8 /opt/devkitpro/devkitARM/lib/gcc/arm-none-eabi/6.3.0/../../../../arm-none-eabi/lib/armv6k/fpu/libg.a(lib_a-memcmp.o)
                0x00125208                memcmp
 .text.memcpy   0x001252f0      0x114 /opt/devkitpro/devkitARM/lib/gcc/arm-none-eabi/6.3.0/../../../../arm-none-eabi/lib/armv6k/fpu/libg.a(lib_a-memcpy-stub.o)
                0x001252f0                memcpy
 .text.memset   0x00125404      0x110 /opt/devkitpro/devkitARM/lib/gcc/arm-none-eabi/6.3.0/../../../../arm-none-eabi/lib/armv6k/fpu/libg.a(lib_a-memset.o)
                0x00125404                memset
 .text.__malloc_lock
                0x00125514        0xc /opt/devkitpro/devkitARM/lib/gcc/arm-none-eabi/6.3.0/../../../../arm-none-eabi/lib/armv6k/fpu/libg.a(lib_a-mlock.o)
                0x00125514                __malloc_lock
 .text.__malloc_unlock